Archive member included to satisfy reference by file (symbol)

C:/Environment/DevEnv/GNU-tools-for-STM32/bin/../lib/gcc/arm-none-eabi/13.3.1/thumb/v7-m/nofp\libgcc.a(_arm_muldf3.o)
                              CMakeFiles/Sentio.elf.dir/Core/Src/MQ-136.c.obj (__aeabi_dmul)
C:/Environment/DevEnv/GNU-tools-for-STM32/bin/../lib/gcc/arm-none-eabi/13.3.1/thumb/v7-m/nofp\libgcc.a(_arm_mulsf3.o)
                              CMakeFiles/Sentio.elf.dir/Core/Src/MQ-136.c.obj (__aeabi_fmul)
C:/Environment/DevEnv/GNU-tools-for-STM32/bin/../lib/gcc/arm-none-eabi/13.3.1/thumb/v7-m/nofp\libgcc.a(_arm_addsubdf3.o)
                              CMakeFiles/Sentio.elf.dir/Core/Src/MQ-136.c.obj (__aeabi_f2d)
C:/Environment/DevEnv/GNU-tools-for-STM32/bin/../lib/gcc/arm-none-eabi/13.3.1/thumb/v7-m/nofp\libgcc.a(_arm_truncdfsf2.o)
                              CMakeFiles/Sentio.elf.dir/Core/Src/MQ-136.c.obj (__aeabi_d2f)
C:/Environment/DevEnv/GNU-tools-for-STM32/bin/../lib/gcc/arm-none-eabi/13.3.1/thumb/v7-m/nofp\libgcc.a(_arm_addsubsf3.o)
                              CMakeFiles/Sentio.elf.dir/Core/Src/aht20.c.obj (__aeabi_fsub)
C:/Environment/DevEnv/GNU-tools-for-STM32/bin/../lib/gcc/arm-none-eabi/13.3.1/thumb/v7-m/nofp\libgcc.a(_arm_muldivsf3.o)
                              CMakeFiles/Sentio.elf.dir/Core/Src/MQ-136.c.obj (__aeabi_fdiv)
C:/Environment/DevEnv/GNU-tools-for-STM32/bin/../lib/gcc/arm-none-eabi/13.3.1/thumb/v7-m/nofp\libgcc.a(_arm_cmpsf2.o)
                              CMakeFiles/Sentio.elf.dir/Core/Src/MQ-136.c.obj (__aeabi_fcmplt)
C:/Environment/DevEnv/GNU-tools-for-STM32/bin/../lib/gcc/arm-none-eabi/13.3.1/thumb/v7-m/nofp\libgcc.a(_arm_fixunssfsi.o)
                              CMakeFiles/Sentio.elf.dir/Core/Src/main.c.obj (__aeabi_f2uiz)
C:/Environment/DevEnv/GNU-tools-for-STM32/bin/../lib/gcc/arm-none-eabi/13.3.1/../../../../arm-none-eabi/lib/thumb/v7-m/nofp\libg.a(libc_a-exit.o)
                              C:/Environment/DevEnv/GNU-tools-for-STM32/bin/../lib/gcc/arm-none-eabi/13.3.1/../../../../arm-none-eabi/lib/thumb/v7-m/nofp/crt0.o (exit)
C:/Environment/DevEnv/GNU-tools-for-STM32/bin/../lib/gcc/arm-none-eabi/13.3.1/../../../../arm-none-eabi/lib/thumb/v7-m/nofp\libg.a(libc_a-findfp.o)
                              C:/Environment/DevEnv/GNU-tools-for-STM32/bin/../lib/gcc/arm-none-eabi/13.3.1/../../../../arm-none-eabi/lib/thumb/v7-m/nofp\libg.a(libc_a-exit.o) (__stdio_exit_handler)
C:/Environment/DevEnv/GNU-tools-for-STM32/bin/../lib/gcc/arm-none-eabi/13.3.1/../../../../arm-none-eabi/lib/thumb/v7-m/nofp\libg.a(libc_a-fwalk.o)
                              C:/Environment/DevEnv/GNU-tools-for-STM32/bin/../lib/gcc/arm-none-eabi/13.3.1/../../../../arm-none-eabi/lib/thumb/v7-m/nofp\libg.a(libc_a-findfp.o) (_fwalk_sglue)
C:/Environment/DevEnv/GNU-tools-for-STM32/bin/../lib/gcc/arm-none-eabi/13.3.1/../../../../arm-none-eabi/lib/thumb/v7-m/nofp\libg.a(libc_a-snprintf.o)
                              CMakeFiles/Sentio.elf.dir/Core/Src/main.c.obj (snprintf)
C:/Environment/DevEnv/GNU-tools-for-STM32/bin/../lib/gcc/arm-none-eabi/13.3.1/../../../../arm-none-eabi/lib/thumb/v7-m/nofp\libg.a(libc_a-stdio.o)
                              C:/Environment/DevEnv/GNU-tools-for-STM32/bin/../lib/gcc/arm-none-eabi/13.3.1/../../../../arm-none-eabi/lib/thumb/v7-m/nofp\libg.a(libc_a-findfp.o) (__sread)
C:/Environment/DevEnv/GNU-tools-for-STM32/bin/../lib/gcc/arm-none-eabi/13.3.1/../../../../arm-none-eabi/lib/thumb/v7-m/nofp\libg.a(libc_a-memset.o)
                              C:/Environment/DevEnv/GNU-tools-for-STM32/bin/../lib/gcc/arm-none-eabi/13.3.1/../../../../arm-none-eabi/lib/thumb/v7-m/nofp/crt0.o (memset)
C:/Environment/DevEnv/GNU-tools-for-STM32/bin/../lib/gcc/arm-none-eabi/13.3.1/../../../../arm-none-eabi/lib/thumb/v7-m/nofp\libg.a(libc_a-closer.o)
                              C:/Environment/DevEnv/GNU-tools-for-STM32/bin/../lib/gcc/arm-none-eabi/13.3.1/../../../../arm-none-eabi/lib/thumb/v7-m/nofp\libg.a(libc_a-stdio.o) (_close_r)
C:/Environment/DevEnv/GNU-tools-for-STM32/bin/../lib/gcc/arm-none-eabi/13.3.1/../../../../arm-none-eabi/lib/thumb/v7-m/nofp\libg.a(libc_a-reent.o)
                              C:/Environment/DevEnv/GNU-tools-for-STM32/bin/../lib/gcc/arm-none-eabi/13.3.1/../../../../arm-none-eabi/lib/thumb/v7-m/nofp\libg.a(libc_a-closer.o) (errno)
C:/Environment/DevEnv/GNU-tools-for-STM32/bin/../lib/gcc/arm-none-eabi/13.3.1/../../../../arm-none-eabi/lib/thumb/v7-m/nofp\libg.a(libc_a-impure.o)
                              C:/Environment/DevEnv/GNU-tools-for-STM32/bin/../lib/gcc/arm-none-eabi/13.3.1/../../../../arm-none-eabi/lib/thumb/v7-m/nofp\libg.a(libc_a-snprintf.o) (_impure_ptr)
C:/Environment/DevEnv/GNU-tools-for-STM32/bin/../lib/gcc/arm-none-eabi/13.3.1/../../../../arm-none-eabi/lib/thumb/v7-m/nofp\libg.a(libc_a-lseekr.o)
[...]
Memory Configuration

Name             Origin             Length             Attributes
RAM              0x20000000         0x00005000         xrw
FLASH            0x08000000         0x00010000         xr
*default*        0x00000000         0xffffffff

Linker script and memory map

LOAD C:/Environment/DevEnv/GNU-tools-for-STM32/bin/../lib/gcc/arm-none-eabi/13.3.1/thumb/v7-m/nofp/crti.o
LOAD C:/Environment/DevEnv/GNU-tools-for-STM32/bin/../lib/gcc/arm-none-eabi/13.3.1/thumb/v7-m/nofp/crtbegin.o
LOAD C:/Environment/DevEnv/GNU-tools-for-STM32/bin/../lib/gcc/arm-none-eabi/13.3.1/../../../../arm-none-eabi/lib/thumb/v7-m/nofp/crt0.o
LOAD CMakeFiles/Sentio.elf.dir/Core/Src/DeviceIDconf.c.obj
LOAD CMakeFiles/Sentio.elf.dir/Core/Src/MQ-136.c.obj
LOAD CMakeFiles/Sentio.elf.dir/Core/Src/MQ-4.c.obj
LOAD CMakeFiles/Sentio.elf.dir/Core/Src/adc.c.obj
LOAD CMakeFiles/Sentio.elf.dir/Core/Src/aht20.c.obj
LOAD CMakeFiles/Sentio.elf.dir/Core/Src/buzzer.c.obj
LOAD CMakeFiles/Sentio.elf.dir/Core/Src/dma.c.obj
LOAD CMakeFiles/Sentio.elf.dir/Core/Src/gpio.c.obj
LOAD CMakeFiles/Sentio.elf.dir/Core/Src/hcsr04.c.obj
LOAD CMakeFiles/Sentio.elf.dir/Core/Src/i2c.c.obj
LOAD CMakeFiles/Sentio.elf.dir/Core/Src/main.c.obj
LOAD CMakeFiles/Sentio.elf.dir/Core/Src/stm32f1xx_hal_msp.c.obj
LOAD CMakeFiles/Sentio.elf.dir/Core/Src/stm32f1xx_it.c.obj
LOAD CMakeFiles/Sentio.elf.dir/Core/Src/syscalls.c.obj
LOAD CMakeFiles/Sentio.elf.dir/Core/Src/sysmem.c.obj
LOAD CMakeFiles/Sentio.elf.dir/Core/Src/system_stm32f1xx.c.obj
LOAD CMakeFiles/Sentio.elf.dir/Core/Src/tim.c.obj
LOAD CMakeFiles/Sentio.elf.dir/Core/Src/usart.c.obj
LOAD CMakeFiles/Sentio.elf.dir/Core/Startup/startup_stm32f103c8tx.s.obj
LOAD CMakeFiles/Sentio.elf.dir/Drivers/STM32F1xx_HAL_Driver/Src/stm32f1xx_hal.c.obj
LOAD CMakeFiles/Sentio.elf.dir/Drivers/STM32F1xx_HAL_Driver/Src/stm32f1xx_hal_adc.c.obj
LOAD CMakeFiles/Sentio.elf.dir/Drivers/STM32F1xx_HAL_Driver/Src/stm32f1xx_hal_adc_ex.c.obj
LOAD CMakeFiles/Sentio.elf.dir/Drivers/STM32F1xx_HAL_Driver/Src/stm32f1xx_hal_cortex.c.obj
LOAD CMakeFiles/Sentio.elf.dir/Drivers/STM32F1xx_HAL_Driver/Src/stm32f1xx_hal_dma.c.obj
LOAD CMakeFiles/Sentio.elf.dir/Drivers/STM32F1xx_HAL_Driver/Src/stm32f1xx_hal_exti.c.obj
LOAD CMakeFiles/Sentio.elf.dir/Drivers/STM32F1xx_HAL_Driver/Src/stm32f1xx_hal_flash.c.obj
LOAD CMakeFiles/Sentio.elf.dir/Drivers/STM32F1xx_HAL_Driver/Src/stm32f1xx_hal_flash_ex.c.obj
LOAD CMakeFiles/Sentio.elf.dir/Drivers/STM32F1xx_HAL_Driver/Src/stm32f1xx_hal_gpio.c.obj
LOAD CMakeFiles/Sentio.elf.dir/Drivers/STM32F1xx_HAL_Driver/Src/stm32f1xx_hal_gpio_ex.c.obj
LOAD CMakeFiles/Sentio.elf.dir/Drivers/STM32F1xx_HAL_Driver/Src/stm32f1xx_hal_i2c.c.obj
LOAD CMakeFiles/Sentio.elf.dir/Drivers/STM32F1xx_HAL_Driver/Src/stm32f1xx_hal_pwr.c.obj
LOAD CMakeFiles/Sentio.elf.dir/Drivers/STM32F1xx_HAL_Driver/Src/stm32f1xx_hal_rcc.c.obj
LOAD CMakeFiles/Sentio.elf.dir/Drivers/STM32F1xx_HAL_Driver/Src/stm32f1xx_hal_rcc_ex.c.obj
LOAD CMakeFiles/Sentio.elf.dir/Drivers/STM32F1xx_HAL_Driver/Src/stm32f1xx_hal_tim.c.obj
LOAD CMakeFiles/Sentio.elf.dir/Drivers/STM32F1xx_HAL_Driver/Src/stm32f1xx_hal_tim_ex.c.obj
LOAD CMakeFiles/Sentio.elf.dir/Drivers/STM32F1xx_HAL_Driver/Src/stm32f1xx_hal_uart.c.obj
START GROUP
LOAD C:/Environment/DevEnv/GNU-tools-for-STM32/bin/../lib/gcc/arm-none-eabi/13.3.1/thumb/v7-m/nofp\libgcc.a
LOAD C:/Environment/DevEnv/GNU-tools-for-STM32/bin/../lib/gcc/arm-none-eabi/13.3.1/../../../../arm-none-eabi/lib/thumb/v7-m/nofp\libg.a
LOAD C:/Environment/DevEnv/GNU-tools-for-STM32/bin/../lib/gcc/arm-none-eabi/13.3.1/../../../../arm-none-eabi/lib/thumb/v7-m/nofp\libc.a
END GROUP
LOAD C:/Environment/DevEnv/GNU-tools-for-STM32/bin/../lib/gcc/arm-none-eabi/13.3.1/thumb/v7-m/nofp/crtend.o
LOAD C:/Environment/DevEnv/GNU-tools-for-STM32/bin/../lib/gcc/arm-none-eabi/13.3.1/thumb/v7-m/nofp/crtn.o
                0x20005000                        _estack = (ORIGIN (RAM) + LENGTH (RAM))
                0x00000200                        _Min_Heap_Size = 0x200
                0x00000400                        _Min_Stack_Size = 0x400

.isr_vector     0x08000000      0x10c
                0x08000000                        . = ALIGN (0x4)
 *(.isr_vector)
 .isr_vector    0x08000000      0x10c CMakeFiles/Sentio.elf.dir/Core/Startup/startup_stm32f103c8tx.s.obj
                0x08000000                g_pfnVectors
                0x0800010c                        . = ALIGN (0x4)

.text           0x08000110     0x9ff8
                0x08000110                        . = ALIGN (0x4)
 *(.text)
 .text          0x08000110       0x40 C:/Environment/DevEnv/GNU-tools-for-STM32/bin/../lib/gcc/arm-none-eabi/13.3.1/thumb/v7-m/nofp/crtbegin.o
 .text          0x08000150      0x378 C:/Environment/DevEnv/GNU-tools-for-STM32/bin/../lib/gcc/arm-none-eabi/13.3.1/thumb/v7-m/nofp\libgcc.a(_arm_addsubdf3.o)
                0x08000150                __aeabi_drsub
                0x08000158                __aeabi_dsub
                0x08000158                __subdf3
                0x0800015c                __aeabi_dadd
                0x0800015c                __adddf3
                0x080003d4                __floatunsidf
                0x080003d4                __aeabi_ui2d
                0x080003f4                __floatsidf
                0x080003f4                __aeabi_i2d
                0x08000418                __aeabi_f2d
                0x08000418                __extendsfdf2
                0x0800045c                __floatundidf
                0x0800045c                __aeabi_ul2d
                0x0800046c                __floatdidf
                0x0800046c                __aeabi_l2d
 .text          0x080004c8       0xa0 C:/Environment/DevEnv/GNU-tools-for-STM32/bin/../lib/gcc/arm-none-eabi/13.3.1/thumb/v7-m/nofp\libgcc.a(_arm_truncdfsf2.o)
                0x080004c8                __truncdfsf2
                0x080004c8                __aeabi_d2f
 .text          0x08000568      0x21c C:/Environment/DevEnv/GNU-tools-for-STM32/bin/../lib/gcc/arm-none-eabi/13.3.1/thumb/v7-m/nofp\libgcc.a(_arm_addsubsf3.o)
                0x08000568                __aeabi_frsub
                0x08000570                __subsf3
                0x08000570                __aeabi_fsub
                0x08000574                __aeabi_fadd
                0x08000574                __addsf3
                0x080006d4                __aeabi_ui2f
                0x080006d4                __floatunsisf
                0x080006dc                __aeabi_i2f
                0x080006dc                __floatsisf
                0x080006f8                __aeabi_ul2f
                0x080006f8                __floatundisf
                0x08000708                __aeabi_l2f
                0x08000708                __floatdisf
 .text          0x08000784      0x2a0 C:/Environment/DevEnv/GNU-tools-for-STM32/bin/../lib/gcc/arm-none-eabi/13.3.1/thumb/v7-m/nofp\libgcc.a(_arm_muldivsf3.o)
                0x08000784                __mulsf3
                0x08000784                __aeabi_fmul
                0x080008ec                __aeabi_fdiv
                0x080008ec                __divsf3
 .text          0x08000a24       0xec C:/Environment/DevEnv/GNU-tools-for-STM32/bin/../lib/gcc/arm-none-eabi/13.3.1/thumb/v7-m/nofp\libgcc.a(_arm_cmpsf2.o)
                0x08000a24                __gesf2
                0x08000a24                __gtsf2
                0x08000a2c                __lesf2
                0x08000a2c                __ltsf2
                0x08000a34                __nesf2
                0x08000a34                __eqsf2
                0x08000a34                __cmpsf2
                0x08000a94                __aeabi_cfrcmple
                0x08000a9c                __aeabi_cfcmpeq
                0x08000a9c                __aeabi_cfcmple
                0x08000aac                __aeabi_fcmpeq
                0x08000ac0                __aeabi_fcmplt
                0x08000ad4                __aeabi_fcmple
                0x08000ae8                __aeabi_fcmpge
                0x08000afc                __aeabi_fcmpgt
 .text          0x08000b10       0x40 C:/Environment/DevEnv/GNU-tools-for-STM32/bin/../lib/gcc/arm-none-eabi/13.3.1/thumb/v7-m/nofp\libgcc.a(_arm_fixunssfsi.o)
                0x08000b10                __fixunssfsi
                0x08000b10                __aeabi_f2uiz
 .text          0x08000b50       0x10 C:/Environment/DevEnv/GNU-tools-for-STM32/bin/../lib/gcc/arm-none-eabi/13.3.1/../../../../arm-none-eabi/lib/thumb/v7-m/nofp\libg.a(libc_a-strlen.o)
                0x08000b50                strlen
 .text          0x08000b60      0x424 C:/Environment/DevEnv/GNU-tools-for-STM32/bin/../lib/gcc/arm-none-eabi/13.3.1/thumb/v7-m/nofp\libgcc.a(_arm_muldivdf3.o)
                0x08000b60                __aeabi_dmul
                0x08000b60                __muldf3
                0x08000db4                __divdf3
                0x08000db4                __aeabi_ddiv
 .text          0x08000f84      0x110 C:/Environment/DevEnv/GNU-tools-for-STM32/bin/../lib/gcc/arm-none-eabi/13.3.1/thumb/v7-m/nofp\libgcc.a(_arm_cmpdf2.o)
                0x08000f84                __gtdf2
                0x08000f84                __gedf2
                0x08000f8c                __ltdf2
                0x08000f8c                __ledf2
                0x08000f94                __nedf2
                0x08000f94                __eqdf2
                0x08000f94                __cmpdf2
                0x08001010                __aeabi_cdrcmple
                0x08001020                __aeabi_cdcmpeq
                0x08001020                __aeabi_cdcmple
                0x08001030                __aeabi_dcmpeq
                0x08001044                __aeabi_dcmplt
                0x08001058                __aeabi_dcmple
                0x0800106c                __aeabi_dcmpge
                0x08001080                __aeabi_dcmpgt
 .text          0x08001094       0x2c C:/Environment/DevEnv/GNU-tools-for-STM32/bin/../lib/gcc/arm-none-eabi/13.3.1/thumb/v7-m/nofp\libgcc.a(_arm_unorddf2.o)
                0x08001094                __unorddf2
                0x08001094                __aeabi_dcmpun
 .text          0x080010c0       0x50 C:/Environment/DevEnv/GNU-tools-for-STM32/bin/../lib/gcc/arm-none-eabi/13.3.1/thumb/v7-m/nofp\libgcc.a(_arm_fixdfsi.o)
                0x080010c0                __aeabi_d2iz
                0x080010c0                __fixdfsi
 .text          0x08001110       0x30 C:/Environment/DevEnv/GNU-tools-for-STM32/bin/../lib/gcc/arm-none-eabi/13.3.1/thumb/v7-m/nofp\libgcc.a(_aeabi_uldivmod.o)
                0x08001110                __aeabi_uldivmod
 .text          0x08001140      0x300 C:/Environment/DevEnv/GNU-tools-for-STM32/bin/../lib/gcc/arm-none-eabi/13.3.1/thumb/v7-m/nofp\libgcc.a(_udivmoddi4.o)
                0x08001140                __udivmoddi4
 .text          0x08001440        0x4 C:/Environment/DevEnv/GNU-tools-for-STM32/bin/../lib/gcc/arm-none-eabi/13.3.1/thumb/v7-m/nofp\libgcc.a(_dvmd_tls.o)
                0x08001440                __aeabi_idiv0
                0x08001440                __aeabi_ldiv0
 *(.text*)
 .text.MQ136_ReadAO
                0x08001444       0x1c CMakeFiles/Sentio.elf.dir/Core/Src/MQ-136.c.obj
                0x08001444                MQ136_ReadAO
 .text.MQ136_ReadPPM
                0x08001460       0x60 CMakeFiles/Sentio.elf.dir/Core/Src/MQ-136.c.obj
                0x08001460                MQ136_ReadPPM
 .text.MQ4_ReadAO
                0x080014c0       0x1c CMakeFiles/Sentio.elf.dir/Core/Src/MQ-4.c.obj
                0x080014c0                MQ4_ReadAO
 *fill*         0x080014dc        0x4 
 .text.MQ4_ReadPPM
                0x080014e0       0x6c CMakeFiles/Sentio.elf.dir/Core/Src/MQ-4.c.obj
                0x080014e0                MQ4_ReadPPM
 .text.MX_ADC1_Init
                0x0800154c       0xa8 CMakeFiles/Sentio.elf.dir/Core/Src/adc.c.obj
                0x0800154c                MX_ADC1_Init
 .text.HAL_ADC_MspInit
                0x080015f4       0x9c CMakeFiles/Sentio.elf.dir/Core/Src/adc.c.obj
                0x080015f4                HAL_ADC_MspInit
 .text.AHT20_Send
                0x08001690       0x20 CMakeFiles/Sentio.elf.dir/Core/Src/aht20.c.obj
                0x08001690                AHT20_Send
 .text.AHT20_Receive
                0x080016b0       0x20 CMakeFiles/Sentio.elf.dir/Core/Src/aht20.c.obj
                0x080016b0                AHT20_Receive
 .text.AHT20_Init
                0x080016d0       0x40 CMakeFiles/Sentio.elf.dir/Core/Src/aht20.c.obj
                0x080016d0                AHT20_Init
 .text.AHT20_Measure
                0x08001710       0x98 CMakeFiles/Sentio.elf.dir/Core/Src/aht20.c.obj
                0x08001710                AHT20_Measure
 .text.AHT20_Temperature
                0x080017a8        0xc CMakeFiles/Sentio.elf.dir/Core/Src/aht20.c.obj
                0x080017a8                AHT20_Temperature
 .text.AHT20_Humidity
                0x080017b4        0xc CMakeFiles/Sentio.elf.dir/Core/Src/aht20.c.obj
                0x080017b4                AHT20_Humidity
 .text.Buzzer_On
                0x080017c0       0x2c CMakeFiles/Sentio.elf.dir/Core/Src/buzzer.c.obj
                0x080017c0                Buzzer_On
 .text.MX_DMA_Init
                0x080017ec       0x34 CMakeFiles/Sentio.elf.dir/Core/Src/dma.c.obj
                0x080017ec                MX_DMA_Init
 .text.MX_GPIO_Init
                0x08001820       0xb8 CMakeFiles/Sentio.elf.dir/Core/Src/gpio.c.obj
                0x08001820                MX_GPIO_Init
 .text.HCSR04_Init
                0x080018d8       0x26 CMakeFiles/Sentio.elf.dir/Core/Src/hcsr04.c.obj
                0x080018d8                HCSR04_Init
 *fill*         0x080018fe        0x2 
 .text.HCSR04_GetDistance
                0x08001900       0xc8 CMakeFiles/Sentio.elf.dir/Core/Src/hcsr04.c.obj
                0x08001900                HCSR04_GetDistance
 .text.HAL_TIM_IC_CaptureCallback
                0x080019c8       0x34 CMakeFiles/Sentio.elf.dir/Core/Src/hcsr04.c.obj
                0x080019c8                HAL_TIM_IC_CaptureCallback
 .text.MX_I2C1_Init
                0x080019fc       0x3c CMakeFiles/Sentio.elf.dir/Core/Src/i2c.c.obj
                0x080019fc                MX_I2C1_Init
 .text.HAL_I2C_MspInit
                0x08001a38       0x64 CMakeFiles/Sentio.elf.dir/Core/Src/i2c.c.obj
                0x08001a38                HAL_I2C_MspInit
 .text.Error_Handler
                0x08001a9c       0x16 CMakeFiles/Sentio.elf.dir/Core/Src/main.c.obj
                0x08001a9c                Error_Handler
 .text.SystemClock_Config
                0x08001ab2       0x84 CMakeFiles/Sentio.elf.dir/Core/Src/main.c.obj
                0x08001ab2                SystemClock_Config
 *fill*         0x08001b36        0x2 
 .text.main     0x08001b38      0x108 CMakeFiles/Sentio.elf.dir/Core/Src/main.c.obj
                0x08001b38                main
 .text.HAL_MspInit
                0x08001c40       0x44 CMakeFiles/Sentio.elf.dir/Core/Src/stm32f1xx_hal_msp.c.obj
                0x08001c40                HAL_MspInit
 .text.NMI_Handler
                0x08001c84        0x2 CMakeFiles/Sentio.elf.dir/Core/Src/stm32f1xx_it.c.obj
                0x08001c84                NMI_Handler
 .text.HardFault_Handler
                0x08001c86        0x2 CMakeFiles/Sentio.elf.dir/Core/Src/stm32f1xx_it.c.obj
                0x08001c86                HardFault_Handler
 .text.MemManage_Handler
                0x08001c88        0x2 CMakeFiles/Sentio.elf.dir/Core/Src/stm32f1xx_it.c.obj
                0x08001c88                MemManage_Handler
 .text.BusFault_Handler
                0x08001c8a        0x2 CMakeFiles/Sentio.elf.dir/Core/Src/stm32f1xx_it.c.obj
                0x08001c8a                BusFault_Handler
 .text.UsageFault_Handler
                0x08001c8c        0x2 CMakeFiles/Sentio.elf.dir/Core/Src/stm32f1xx_it.c.obj
                0x08001c8c                UsageFault_Handler
 .text.SVC_Handler
                0x08001c8e        0x2 CMakeFiles/Sentio.elf.dir/Core/Src/stm32f1xx_it.c.obj
                0x08001c8e                SVC_Handler
 .text.DebugMon_Handler
                0x08001c90        0x2 CMakeFiles/Sentio.elf.dir/Core/Src/stm32f1xx_it.c.obj
                0x08001c90                DebugMon_Handler
 .text.PendSV_Handler
                0x08001c92        0x2 CMakeFiles/Sentio.elf.dir/Core/Src/stm32f1xx_it.c.obj
                0x08001c92                PendSV_Handler
 .text.SysTick_Handler
                0x08001c94        0x8 CMakeFiles/Sentio.elf.dir/Core/Src/stm32f1xx_it.c.obj
                0x08001c94                SysTick_Handler
 .text.DMA1_Channel1_IRQHandler
                0x08001c9c       0x10 CMakeFiles/Sentio.elf.dir/Core/Src/stm32f1xx_it.c.obj
                0x08001c9c                DMA1_Channel1_IRQHandler
 .text.TIM1_CC_IRQHandler
                0x08001cac       0x10 CMakeFiles/Sentio.elf.dir/Core/Src/stm32f1xx_it.c.obj
                0x08001cac                TIM1_CC_IRQHandler
 .text._getpid  0x08001cbc        0x4 CMakeFiles/Sentio.elf.dir/Core/Src/syscalls.c.obj
                0x08001cbc                _getpid
 .text._kill    0x08001cc0       0x10 CMakeFiles/Sentio.elf.dir/Core/Src/syscalls.c.obj
                0x08001cc0                _kill
 .text._exit    0x08001cd0        0xc CMakeFiles/Sentio.elf.dir/Core/Src/syscalls.c.obj
                0x08001cd0                _exit
 .text._read    0x08001cdc       0x20 CMakeFiles/Sentio.elf.dir/Core/Src/syscalls.c.obj
                0x08001cdc                _read
 .text._write   0x08001cfc       0x1c CMakeFiles/Sentio.elf.dir/Core/Src/syscalls.c.obj
                0x08001cfc                _write
 .text._close   0x08001d18        0x6 CMakeFiles/Sentio.elf.dir/Core/Src/syscalls.c.obj
                0x08001d18                _close
 .text._fstat   0x08001d1e        0xa CMakeFiles/Sentio.elf.dir/Core/Src/syscalls.c.obj
                0x08001d1e                _fstat
 .text._isatty  0x08001d28        0x4 CMakeFiles/Sentio.elf.dir/Core/Src/syscalls.c.obj
                0x08001d28                _isatty
 .text._lseek   0x08001d2c        0x4 CMakeFiles/Sentio.elf.dir/Core/Src/syscalls.c.obj
                0x08001d2c                _lseek
 .text._sbrk    0x08001d30       0x48 CMakeFiles/Sentio.elf.dir/Core/Src/sysmem.c.obj
                0x08001d30                _sbrk
 .text.SystemInit
                0x08001d78        0x2 CMakeFiles/Sentio.elf.dir/Core/Src/system_stm32f1xx.c.obj
                0x08001d78                SystemInit
 *fill*         0x08001d7a        0x2 
 .text.MX_TIM1_Init
                0x08001d7c       0xbc CMakeFiles/Sentio.elf.dir/Core/Src/tim.c.obj
                0x08001d7c                MX_TIM1_Init
 .text.HAL_TIM_Base_MspInit
                0x08001e38       0x6c CMakeFiles/Sentio.elf.dir/Core/Src/tim.c.obj
                0x08001e38                HAL_TIM_Base_MspInit
 .text.MX_USART3_UART_Init
                0x08001ea4       0x34 CMakeFiles/Sentio.elf.dir/Core/Src/usart.c.obj
                0x08001ea4                MX_USART3_UART_Init
 .text.HAL_UART_MspInit
                0x08001ed8       0x78 CMakeFiles/Sentio.elf.dir/Core/Src/usart.c.obj
                0x08001ed8                HAL_UART_MspInit
 .text.Reset_Handler
                0x08001f50       0x48 CMakeFiles/Sentio.elf.dir/Core/Startup/startup_stm32f103c8tx.s.obj
                0x08001f50                Reset_Handler
 .text.Default_Handler
                0x08001f98        0x2 CMakeFiles/Sentio.elf.dir/Core/Startup/startup_stm32f103c8tx.s.obj
                0x08001f98                RTC_Alarm_IRQHandler
                0x08001f98                EXTI2_IRQHandler
                0x08001f98                PVD_IRQHandler
                0x08001f98                EXTI3_IRQHandler
                0x08001f98                EXTI0_IRQHandler
                0x08001f98                I2C2_EV_IRQHandler
                0x08001f98                ADC1_2_IRQHandler
                0x08001f98                SPI1_IRQHandler
                0x08001f98                TAMPER_IRQHandler
                0x08001f98                DMA1_Channel4_IRQHandler
                0x08001f98                USART3_IRQHandler
                0x08001f98                RTC_IRQHandler
                0x08001f98                DMA1_Channel7_IRQHandler
                0x08001f98                CAN1_RX1_IRQHandler
                0x08001f98                TIM4_IRQHandler
                0x08001f98                I2C1_EV_IRQHandler
                0x08001f98                DMA1_Channel6_IRQHandler
                0x08001f98                TIM3_IRQHandler
                0x08001f98                RCC_IRQHandler
                0x08001f98                TIM1_TRG_COM_IRQHandler
                0x08001f98                Default_Handler
                0x08001f98                EXTI15_10_IRQHandler
                0x08001f98                EXTI9_5_IRQHandler
                0x08001f98                SPI2_IRQHandler
                0x08001f98                DMA1_Channel5_IRQHandler
                0x08001f98                EXTI4_IRQHandler
                0x08001f98                USB_LP_CAN1_RX0_IRQHandler
                0x08001f98                USB_HP_CAN1_TX_IRQHandler
                0x08001f98                DMA1_Channel3_IRQHandler
                0x08001f98                TIM1_UP_IRQHandler
                0x08001f98                WWDG_IRQHandler
                0x08001f98                TIM2_IRQHandler
                0x08001f98                TIM1_BRK_IRQHandler
                0x08001f98                EXTI1_IRQHandler
                0x08001f98                USART2_IRQHandler
                0x08001f98                I2C2_ER_IRQHandler
                0x08001f98                DMA1_Channel2_IRQHandler
                0x08001f98                CAN1_SCE_IRQHandler
                0x08001f98                FLASH_IRQHandler
                0x08001f98                USART1_IRQHandler
                0x08001f98                I2C1_ER_IRQHandler
                0x08001f98                USBWakeUp_IRQHandler
 *fill*         0x08001f9a        0x2 
 .text.HAL_InitTick
                0x08001f9c       0x4c CMakeFiles/Sentio.elf.dir/Drivers/STM32F1xx_HAL_Driver/Src/stm32f1xx_hal.c.obj
                0x08001f9c                HAL_InitTick
 .text.HAL_Init
                0x08001fe8       0x24 CMakeFiles/Sentio.elf.dir/Drivers/STM32F1xx_HAL_Driver/Src/stm32f1xx_hal.c.obj
                0x08001fe8                HAL_Init
 .text.HAL_IncTick
                0x0800200c       0x18 CMakeFiles/Sentio.elf.dir/Drivers/STM32F1xx_HAL_Driver/Src/stm32f1xx_hal.c.obj
                0x0800200c                HAL_IncTick
 .text.HAL_GetTick
                0x08002024        0xc CMakeFiles/Sentio.elf.dir/Drivers/STM32F1xx_HAL_Driver/Src/stm32f1xx_hal.c.obj
                0x08002024                HAL_GetTick
 .text.HAL_Delay
                0x08002030       0x28 CMakeFiles/Sentio.elf.dir/Drivers/STM32F1xx_HAL_Driver/Src/stm32f1xx_hal.c.obj
                0x08002030                HAL_Delay
 .text.HAL_ADC_ConvCpltCallback
                0x08002058        0x2 CMakeFiles/Sentio.elf.dir/Drivers/STM32F1xx_HAL_Driver/Src/stm32f1xx_hal_adc.c.obj
                0x08002058                HAL_ADC_ConvCpltCallback
 .text.ADC_DMAConvCplt
                0x0800205a       0x52 CMakeFiles/Sentio.elf.dir/Drivers/STM32F1xx_HAL_Driver/Src/stm32f1xx_hal_adc.c.obj
                0x0800205a                ADC_DMAConvCplt
 .text.HAL_ADC_ConvHalfCpltCallback
                0x080020ac        0x2 CMakeFiles/Sentio.elf.dir/Drivers/STM32F1xx_HAL_Driver/Src/stm32f1xx_hal_adc.c.obj
                0x080020ac                HAL_ADC_ConvHalfCpltCallback
 .text.ADC_DMAHalfConvCplt
                0x080020ae        0xa CMakeFiles/Sentio.elf.dir/Drivers/STM32F1xx_HAL_Driver/Src/stm32f1xx_hal_adc.c.obj
                0x080020ae                ADC_DMAHalfConvCplt
 .text.HAL_ADC_ErrorCallback
                0x080020b8        0x2 CMakeFiles/Sentio.elf.dir/Drivers/STM32F1xx_HAL_Driver/Src/stm32f1xx_hal_adc.c.obj
                0x080020b8                HAL_ADC_ErrorCallback
 .text.ADC_DMAError
                0x080020ba       0x1a CMakeFiles/Sentio.elf.dir/Drivers/STM32F1xx_HAL_Driver/Src/stm32f1xx_hal_adc.c.obj
                0x080020ba                ADC_DMAError
 .text.HAL_ADC_ConfigChannel
                0x080020d4      0x140 CMakeFiles/Sentio.elf.dir/Drivers/STM32F1xx_HAL_Driver/Src/stm32f1xx_hal_adc.c.obj
                0x080020d4                HAL_ADC_ConfigChannel
 .text.ADC_Enable
                0x08002214       0x88 CMakeFiles/Sentio.elf.dir/Drivers/STM32F1xx_HAL_Driver/Src/stm32f1xx_hal_adc.c.obj
                0x08002214                ADC_Enable
 .text.HAL_ADC_Start_DMA
                0x0800229c      0x130 CMakeFiles/Sentio.elf.dir/Drivers/STM32F1xx_HAL_Driver/Src/stm32f1xx_hal_adc.c.obj
                0x0800229c                HAL_ADC_Start_DMA
 .text.ADC_ConversionStop_Disable
                0x080023cc       0x56 CMakeFiles/Sentio.elf.dir/Drivers/STM32F1xx_HAL_Driver/Src/stm32f1xx_hal_adc.c.obj
                0x080023cc                ADC_ConversionStop_Disable
 *fill*         0x08002422        0x2 
 .text.HAL_ADC_Init
                0x08002424      0x108 CMakeFiles/Sentio.elf.dir/Drivers/STM32F1xx_HAL_Driver/Src/stm32f1xx_hal_adc.c.obj
                0x08002424                HAL_ADC_Init
 .text.HAL_ADCEx_Calibration_Start
                0x0800252c      0x100 CMakeFiles/Sentio.elf.dir/Drivers/STM32F1xx_HAL_Driver/Src/stm32f1xx_hal_adc_ex.c.obj
                0x0800252c                HAL_ADCEx_Calibration_Start
 .text.__NVIC_SetPriority
                0x0800262c       0x28 CMakeFiles/Sentio.elf.dir/Drivers/STM32F1xx_HAL_Driver/Src/stm32f1xx_hal_cortex.c.obj
 .text.NVIC_EncodePriority
                0x08002654       0x3e CMakeFiles/Sentio.elf.dir/Drivers/STM32F1xx_HAL_Driver/Src/stm32f1xx_hal_cortex.c.obj
 *fill*         0x08002692        0x2 
 .text.HAL_NVIC_SetPriorityGrouping
                0x08002694       0x24 CMakeFiles/Sentio.elf.dir/Drivers/STM32F1xx_HAL_Driver/Src/stm32f1xx_hal_cortex.c.obj
                0x08002694                HAL_NVIC_SetPriorityGrouping
 .text.HAL_NVIC_SetPriority
                0x080026b8       0x20 CMakeFiles/Sentio.elf.dir/Drivers/STM32F1xx_HAL_Driver/Src/stm32f1xx_hal_cortex.c.obj
                0x080026b8                HAL_NVIC_SetPriority
 .text.HAL_NVIC_EnableIRQ
                0x080026d8       0x1c CMakeFiles/Sentio.elf.dir/Drivers/STM32F1xx_HAL_Driver/Src/stm32f1xx_hal_cortex.c.obj
                0x080026d8                HAL_NVIC_EnableIRQ
 .text.HAL_SYSTICK_Config
                0x080026f4       0x28 CMakeFiles/Sentio.elf.dir/Drivers/STM32F1xx_HAL_Driver/Src/stm32f1xx_hal_cortex.c.obj
                0x080026f4                HAL_SYSTICK_Config
 .text.DMA_SetConfig
                0x0800271c       0x2c CMakeFiles/Sentio.elf.dir/Drivers/STM32F1xx_HAL_Driver/Src/stm32f1xx_hal_dma.c.obj
 .text.HAL_DMA_Init
                0x08002748       0x68 CMakeFiles/Sentio.elf.dir/Drivers/STM32F1xx_HAL_Driver/Src/stm32f1xx_hal_dma.c.obj
                0x08002748                HAL_DMA_Init
 .text.HAL_DMA_Start_IT
                0x080027b0       0x76 CMakeFiles/Sentio.elf.dir/Drivers/STM32F1xx_HAL_Driver/Src/stm32f1xx_hal_dma.c.obj
                0x080027b0                HAL_DMA_Start_IT
 *fill*         0x08002826        0x2 
 .text.HAL_DMA_IRQHandler
                0x08002828      0x144 CMakeFiles/Sentio.elf.dir/Drivers/STM32F1xx_HAL_Driver/Src/stm32f1xx_hal_dma.c.obj
                0x08002828                HAL_DMA_IRQHandler
 .text.HAL_GPIO_Init
                0x0800296c      0x21c CMakeFiles/Sentio.elf.dir/Drivers/STM32F1xx_HAL_Driver/Src/stm32f1xx_hal_gpio.c.obj
                0x0800296c                HAL_GPIO_Init
 .text.HAL_GPIO_WritePin
                0x08002b88        0xc CMakeFiles/Sentio.elf.dir/Drivers/STM32F1xx_HAL_Driver/Src/stm32f1xx_hal_gpio.c.obj
                0x08002b88                HAL_GPIO_WritePin
 .text.I2C_IsAcknowledgeFailed
                0x08002b94       0x32 CMakeFiles/Sentio.elf.dir/Drivers/STM32F1xx_HAL_Driver/Src/stm32f1xx_hal_i2c.c.obj
 .text.I2C_WaitOnFlagUntilTimeout
                0x08002bc6       0xaa CMakeFiles/Sentio.elf.dir/Drivers/STM32F1xx_HAL_Driver/Src/stm32f1xx_hal_i2c.c.obj
 .text.I2C_WaitOnMasterAddressFlagUntilTimeout
                0x08002c70       0xd6 CMakeFiles/Sentio.elf.dir/Drivers/STM32F1xx_HAL_Driver/Src/stm32f1xx_hal_i2c.c.obj
 *fill*         0x08002d46        0x2 
 .text.I2C_MasterRequestWrite
                0x08002d48       0xb4 CMakeFiles/Sentio.elf.dir/Drivers/STM32F1xx_HAL_Driver/Src/stm32f1xx_hal_i2c.c.obj
 .text.I2C_MasterRequestRead
                0x08002dfc      0x120 CMakeFiles/Sentio.elf.dir/Drivers/STM32F1xx_HAL_Driver/Src/stm32f1xx_hal_i2c.c.obj
 .text.I2C_WaitOnTXEFlagUntilTimeout
                0x08002f1c       0x5e CMakeFiles/Sentio.elf.dir/Drivers/STM32F1xx_HAL_Driver/Src/stm32f1xx_hal_i2c.c.obj
 .text.I2C_WaitOnBTFFlagUntilTimeout
                0x08002f7a       0x5e CMakeFiles/Sentio.elf.dir/Drivers/STM32F1xx_HAL_Driver/Src/stm32f1xx_hal_i2c.c.obj
 .text.I2C_WaitOnRXNEFlagUntilTimeout
                0x08002fd8       0x78 CMakeFiles/Sentio.elf.dir/Drivers/STM32F1xx_HAL_Driver/Src/stm32f1xx_hal_i2c.c.obj
 .text.HAL_I2C_Init
                0x08003050      0x1bc CMakeFiles/Sentio.elf.dir/Drivers/STM32F1xx_HAL_Driver/Src/stm32f1xx_hal_i2c.c.obj
                0x08003050                HAL_I2C_Init
 .text.HAL_I2C_Master_Transmit
                0x0800320c      0x178 CMakeFiles/Sentio.elf.dir/Drivers/STM32F1xx_HAL_Driver/Src/stm32f1xx_hal_i2c.c.obj
                0x0800320c                HAL_I2C_Master_Transmit
 .text.HAL_I2C_Master_Receive
                0x08003384      0x358 CMakeFiles/Sentio.elf.dir/Drivers/STM32F1xx_HAL_Driver/Src/stm32f1xx_hal_i2c.c.obj
                0x08003384                HAL_I2C_Master_Receive
 .text.RCC_Delay
                0x080036dc       0x2c CMakeFiles/Sentio.elf.dir/Drivers/STM32F1xx_HAL_Driver/Src/stm32f1xx_hal_rcc.c.obj
 .text.HAL_RCC_OscConfig
                0x08003708      0x410 CMakeFiles/Sentio.elf.dir/Drivers/STM32F1xx_HAL_Driver/Src/stm32f1xx_hal_rcc.c.obj
                0x08003708                HAL_RCC_OscConfig
 .text.HAL_RCC_GetSysClockFreq
                0x08003b18       0x54 CMakeFiles/Sentio.elf.dir/Drivers/STM32F1xx_HAL_Driver/Src/stm32f1xx_hal_rcc.c.obj
                0x08003b18                HAL_RCC_GetSysClockFreq
 .text.HAL_RCC_ClockConfig
                0x08003b6c      0x16c CMakeFiles/Sentio.elf.dir/Drivers/STM32F1xx_HAL_Driver/Src/stm32f1xx_hal_rcc.c.obj
                0x08003b6c                HAL_RCC_ClockConfig
 .text.HAL_RCC_GetHCLKFreq
                0x08003cd8        0xc CMakeFiles/Sentio.elf.dir/Drivers/STM32F1xx_HAL_Driver/Src/stm32f1xx_hal_rcc.c.obj
                0x08003cd8                HAL_RCC_GetHCLKFreq
 .text.HAL_RCC_GetPCLK1Freq
                0x08003ce4       0x20 CMakeFiles/Sentio.elf.dir/Drivers/STM32F1xx_HAL_Driver/Src/stm32f1xx_hal_rcc.c.obj
                0x08003ce4                HAL_RCC_GetPCLK1Freq
 .text.HAL_RCC_GetPCLK2Freq
                0x08003d04       0x20 CMakeFiles/Sentio.elf.dir/Drivers/STM32F1xx_HAL_Driver/Src/stm32f1xx_hal_rcc.c.obj
                0x08003d04                HAL_RCC_GetPCLK2Freq
 .text.HAL_RCCEx_PeriphCLKConfig
                0x08003d24      0x118 CMakeFiles/Sentio.elf.dir/Drivers/STM32F1xx_HAL_Driver/Src/stm32f1xx_hal_rcc_ex.c.obj
                0x08003d24                HAL_RCCEx_PeriphCLKConfig
 .text.HAL_RCCEx_GetPeriphCLKFreq
                0x08003e3c       0xd8 CMakeFiles/Sentio.elf.dir/Drivers/STM32F1xx_HAL_Driver/Src/stm32f1xx_hal_rcc_ex.c.obj
                0x08003e3c                HAL_RCCEx_GetPeriphCLKFreq
 .text.TIM_TI1_ConfigInputStage
                0x08003f14       0x24 CMakeFiles/Sentio.elf.dir/Drivers/STM32F1xx_HAL_Driver/Src/stm32f1xx_hal_tim.c.obj
 .text.TIM_TI2_SetConfig
                0x08003f38       0x36 CMakeFiles/Sentio.elf.dir/Drivers/STM32F1xx_HAL_Driver/Src/stm32f1xx_hal_tim.c.obj
 .text.TIM_TI2_ConfigInputStage
                0x08003f6e       0x26 CMakeFiles/Sentio.elf.dir/Drivers/STM32F1xx_HAL_Driver/Src/stm32f1xx_hal_tim.c.obj
 .text.TIM_TI3_SetConfig
                0x08003f94       0x36 CMakeFiles/Sentio.elf.dir/Drivers/STM32F1xx_HAL_Driver/Src/stm32f1xx_hal_tim.c.obj
 .text.TIM_TI4_SetConfig
                0x08003fca       0x36 CMakeFiles/Sentio.elf.dir/Drivers/STM32F1xx_HAL_Driver/Src/stm32f1xx_hal_tim.c.obj
 .text.TIM_ITRx_SetConfig
                0x08004000       0x10 CMakeFiles/Sentio.elf.dir/Drivers/STM32F1xx_HAL_Driver/Src/stm32f1xx_hal_tim.c.obj
 .text.HAL_TIM_Base_Start
                0x08004010       0x5c CMakeFiles/Sentio.elf.dir/Drivers/STM32F1xx_HAL_Driver/Src/stm32f1xx_hal_tim.c.obj
                0x08004010                HAL_TIM_Base_Start
 .text.HAL_TIM_IC_MspInit
                0x0800406c        0x2 CMakeFiles/Sentio.elf.dir/Drivers/STM32F1xx_HAL_Driver/Src/stm32f1xx_hal_tim.c.obj
                0x0800406c                HAL_TIM_IC_MspInit
 .text.HAL_TIM_ReadCapturedValue
                0x0800406e       0x32 CMakeFiles/Sentio.elf.dir/Drivers/STM32F1xx_HAL_Driver/Src/stm32f1xx_hal_tim.c.obj
                0x0800406e                HAL_TIM_ReadCapturedValue
 .text.HAL_TIM_PeriodElapsedCallback
                0x080040a0        0x2 CMakeFiles/Sentio.elf.dir/Drivers/STM32F1xx_HAL_Driver/Src/stm32f1xx_hal_tim.c.obj
                0x080040a0                HAL_TIM_PeriodElapsedCallback
 .text.HAL_TIM_OC_DelayElapsedCallback
                0x080040a2        0x2 CMakeFiles/Sentio.elf.dir/Drivers/STM32F1xx_HAL_Driver/Src/stm32f1xx_hal_tim.c.obj
                0x080040a2                HAL_TIM_OC_DelayElapsedCallback
 .text.HAL_TIM_PWM_PulseFinishedCallback
                0x080040a4        0x2 CMakeFiles/Sentio.elf.dir/Drivers/STM32F1xx_HAL_Driver/Src/stm32f1xx_hal_tim.c.obj
                0x080040a4                HAL_TIM_PWM_PulseFinishedCallback
 .text.HAL_TIM_TriggerCallback
                0x080040a6        0x2 CMakeFiles/Sentio.elf.dir/Drivers/STM32F1xx_HAL_Driver/Src/stm32f1xx_hal_tim.c.obj
                0x080040a6                HAL_TIM_TriggerCallback
 .text.HAL_TIM_IRQHandler
                0x080040a8      0x15e CMakeFiles/Sentio.elf.dir/Drivers/STM32F1xx_HAL_Driver/Src/stm32f1xx_hal_tim.c.obj
                0x080040a8                HAL_TIM_IRQHandler
 *fill*         0x08004206        0x2 
 .text.TIM_Base_SetConfig
                0x08004208       0x84 CMakeFiles/Sentio.elf.dir/Drivers/STM32F1xx_HAL_Driver/Src/stm32f1xx_hal_tim.c.obj
                0x08004208                TIM_Base_SetConfig
 .text.HAL_TIM_Base_Init
                0x0800428c       0x58 CMakeFiles/Sentio.elf.dir/Drivers/STM32F1xx_HAL_Driver/Src/stm32f1xx_hal_tim.c.obj
                0x0800428c                HAL_TIM_Base_Init
 .text.HAL_TIM_IC_Init
                0x080042e4       0x58 CMakeFiles/Sentio.elf.dir/Drivers/STM32F1xx_HAL_Driver/Src/stm32f1xx_hal_tim.c.obj
                0x080042e4                HAL_TIM_IC_Init
 .text.TIM_TI1_SetConfig
                0x0800433c       0x58 CMakeFiles/Sentio.elf.dir/Drivers/STM32F1xx_HAL_Driver/Src/stm32f1xx_hal_tim.c.obj
                0x0800433c                TIM_TI1_SetConfig
 .text.HAL_TIM_IC_ConfigChannel
                0x08004394       0xcc CMakeFiles/Sentio.elf.dir/Drivers/STM32F1xx_HAL_Driver/Src/stm32f1xx_hal_tim.c.obj
                0x08004394                HAL_TIM_IC_ConfigChannel
 .text.TIM_ETR_SetConfig
                0x08004460       0x18 CMakeFiles/Sentio.elf.dir/Drivers/STM32F1xx_HAL_Driver/Src/stm32f1xx_hal_tim.c.obj
                0x08004460                TIM_ETR_SetConfig
 .text.HAL_TIM_ConfigClockSource
                0x08004478       0xfe CMakeFiles/Sentio.elf.dir/Drivers/STM32F1xx_HAL_Driver/Src/stm32f1xx_hal_tim.c.obj
                0x08004478                HAL_TIM_ConfigClockSource
 .text.TIM_CCxChannelCmd
                0x08004576       0x1e CMakeFiles/Sentio.elf.dir/Drivers/STM32F1xx_HAL_Driver/Src/stm32f1xx_hal_tim.c.obj
                0x08004576                TIM_CCxChannelCmd
 .text.HAL_TIM_IC_Start_IT
                0x08004594      0x170 CMakeFiles/Sentio.elf.dir/Drivers/STM32F1xx_HAL_Driver/Src/stm32f1xx_hal_tim.c.obj
                0x08004594                HAL_TIM_IC_Start_IT
 .text.HAL_TIMEx_MasterConfigSynchronization
                0x08004704       0x6c CMakeFiles/Sentio.elf.dir/Drivers/STM32F1xx_HAL_Driver/Src/stm32f1xx_hal_tim_ex.c.obj
                0x08004704                HAL_TIMEx_MasterConfigSynchronization
 .text.HAL_TIMEx_CommutCallback
                0x08004770        0x2 CMakeFiles/Sentio.elf.dir/Drivers/STM32F1xx_HAL_Driver/Src/stm32f1xx_hal_tim_ex.c.obj
                0x08004770                HAL_TIMEx_CommutCallback
 .text.HAL_TIMEx_BreakCallback
                0x08004772        0x2 CMakeFiles/Sentio.elf.dir/Drivers/STM32F1xx_HAL_Driver/Src/stm32f1xx_hal_tim_ex.c.obj
                0x08004772                HAL_TIMEx_BreakCallback
 .text.UART_EndRxTransfer
                0x08004774       0x5c CMakeFiles/Sentio.elf.dir/Drivers/STM32F1xx_HAL_Driver/Src/stm32f1xx_hal_uart.c.obj
 .text.UART_SetConfig
                0x080047d0       0x94 CMakeFiles/Sentio.elf.dir/Drivers/STM32F1xx_HAL_Driver/Src/stm32f1xx_hal_uart.c.obj
 .text.UART_WaitOnFlagUntilTimeout
                0x08004864       0x86 CMakeFiles/Sentio.elf.dir/Drivers/STM32F1xx_HAL_Driver/Src/stm32f1xx_hal_uart.c.obj
 .text.HAL_UART_Init
                0x080048ea       0x60 CMakeFiles/Sentio.elf.dir/Drivers/STM32F1xx_HAL_Driver/Src/stm32f1xx_hal_uart.c.obj
                0x080048ea                HAL_UART_Init
 .text.HAL_UART_Transmit
                0x0800494a       0xcc CMakeFiles/Sentio.elf.dir/Drivers/STM32F1xx_HAL_Driver/Src/stm32f1xx_hal_uart.c.obj
                0x0800494a                HAL_UART_Transmit
 *fill*         0x08004a16        0x2 
 .text.std      0x08004a18       0x6c C:/Environment/DevEnv/GNU-tools-for-STM32/bin/../lib/gcc/arm-none-eabi/13.3.1/../../../../arm-none-eabi/lib/thumb/v7-m/nofp\libg.a(libc_a-findfp.o)
 .text.stdio_exit_handler
                0x08004a84       0x18 C:/Environment/DevEnv/GNU-tools-for-STM32/bin/../lib/gcc/arm-none-eabi/13.3.1/../../../../arm-none-eabi/lib/thumb/v7-m/nofp\libg.a(libc_a-findfp.o)
 .text.cleanup_stdio
                0x08004a9c       0x40 C:/Environment/DevEnv/GNU-tools-for-STM32/bin/../lib/gcc/arm-none-eabi/13.3.1/../../../../arm-none-eabi/lib/thumb/v7-m/nofp\libg.a(libc_a-findfp.o)
 .text.global_stdio_init.part.0
                0x08004adc       0x3c C:/Environment/DevEnv/GNU-tools-for-STM32/bin/../lib/gcc/arm-none-eabi/13.3.1/../../../../arm-none-eabi/lib/thumb/v7-m/nofp\libg.a(libc_a-findfp.o)
 .text.__sfp_lock_acquire
                0x08004b18        0xc C:/Environment/DevEnv/GNU-tools-for-STM32/bin/../lib/gcc/arm-none-eabi/13.3.1/../../../../arm-none-eabi/lib/thumb/v7-m/nofp\libg.a(libc_a-findfp.o)
                0x08004b18                __sfp_lock_acquire
 .text.__sfp_lock_release
                0x08004b24        0xc C:/Environment/DevEnv/GNU-tools-for-STM32/bin/../lib/gcc/arm-none-eabi/13.3.1/../../../../arm-none-eabi/lib/thumb/v7-m/nofp\libg.a(libc_a-findfp.o)
                0x08004b24                __sfp_lock_release
 .text.__sinit  0x08004b30       0x30 C:/Environment/DevEnv/GNU-tools-for-STM32/bin/../lib/gcc/arm-none-eabi/13.3.1/../../../../arm-none-eabi/lib/thumb/v7-m/nofp\libg.a(libc_a-findfp.o)
                0x08004b30                __sinit
 .text._fwalk_sglue
                0x08004b60       0x3c C:/Environment/DevEnv/GNU-tools-for-STM32/bin/../lib/gcc/arm-none-eabi/13.3.1/../../../../arm-none-eabi/lib/thumb/v7-m/nofp\libg.a(libc_a-fwalk.o)
                0x08004b60                _fwalk_sglue
 .text.snprintf
                0x08004b9c       0x6c C:/Environment/DevEnv/GNU-tools-for-STM32/bin/../lib/gcc/arm-none-eabi/13.3.1/../../../../arm-none-eabi/lib/thumb/v7-m/nofp\libg.a(libc_a-snprintf.o)
                0x08004b9c                snprintf
 .text.__sread  0x08004c08       0x22 C:/Environment/DevEnv/GNU-tools-for-STM32/bin/../lib/gcc/arm-none-eabi/13.3.1/../../../../arm-none-eabi/lib/thumb/v7-m/nofp\libg.a(libc_a-stdio.o)
                0x08004c08                __sread
 .text.__swrite
                0x08004c2a       0x38 C:/Environment/DevEnv/GNU-tools-for-STM32/bin/../lib/gcc/arm-none-eabi/13.3.1/../../../../arm-none-eabi/lib/thumb/v7-m/nofp\libg.a(libc_a-stdio.o)
                0x08004c2a                __swrite
 .text.__sseek  0x08004c62       0x24 C:/Environment/DevEnv/GNU-tools-for-STM32/bin/../lib/gcc/arm-none-eabi/13.3.1/../../../../arm-none-eabi/lib/thumb/v7-m/nofp\libg.a(libc_a-stdio.o)
                0x08004c62                __sseek
 .text.__sclose
                0x08004c86        0x8 C:/Environment/DevEnv/GNU-tools-for-STM32/bin/../lib/gcc/arm-none-eabi/13.3.1/../../../../arm-none-eabi/lib/thumb/v7-m/nofp\libg.a(libc_a-stdio.o)
                0x08004c86                __sclose
 .text.memset   0x08004c8e       0x10 C:/Environment/DevEnv/GNU-tools-for-STM32/bin/../lib/gcc/arm-none-eabi/13.3.1/../../../../arm-none-eabi/lib/thumb/v7-m/nofp\libg.a(libc_a-memset.o)
                0x08004c8e                memset
 *fill*         0x08004c9e        0x2 
 .text._close_r
                0x08004ca0       0x20 C:/Environment/DevEnv/GNU-tools-for-STM32/bin/../lib/gcc/arm-none-eabi/13.3.1/../../../../arm-none-eabi/lib/thumb/v7-m/nofp\libg.a(libc_a-closer.o)
                0x08004ca0                _close_r
 .text._lseek_r
                0x08004cc0       0x24 C:/Environment/DevEnv/GNU-tools-for-STM32/bin/../lib/gcc/arm-none-eabi/13.3.1/../../../../arm-none-eabi/lib/thumb/v7-m/nofp\libg.a(libc_a-lseekr.o)
                0x08004cc0                _lseek_r
 .text._read_r  0x08004ce4       0x24 C:/Environment/DevEnv/GNU-tools-for-STM32/bin/../lib/gcc/arm-none-eabi/13.3.1/../../../../arm-none-eabi/lib/thumb/v7-m/nofp\libg.a(libc_a-readr.o)
                0x08004ce4                _read_r
 .text._write_r
                0x08004d08       0x24 C:/Environment/DevEnv/GNU-tools-for-STM32/bin/../lib/gcc/arm-none-eabi/13.3.1/../../../../arm-none-eabi/lib/thumb/v7-m/nofp\libg.a(libc_a-writer.o)
                0x08004d08                _write_r
 .text.__errno  0x08004d2c        0xc C:/Environment/DevEnv/GNU-tools-for-STM32/bin/../lib/gcc/arm-none-eabi/13.3.1/../../../../arm-none-eabi/lib/thumb/v7-m/nofp\libg.a(libc_a-errno.o)
                0x08004d2c                __errno
 .text.__libc_init_array
                0x08004d38       0x48 C:/Environment/DevEnv/GNU-tools-for-STM32/bin/../lib/gcc/arm-none-eabi/13.3.1/../../../../arm-none-eabi/lib/thumb/v7-m/nofp\libg.a(libc_a-init.o)
                0x08004d38                __libc_init_array
 .text.__retarget_lock_init_recursive
                0x08004d80        0x2 C:/Environment/DevEnv/GNU-tools-for-STM32/bin/../lib/gcc/arm-none-eabi/13.3.1/../../../../arm-none-eabi/lib/thumb/v7-m/nofp\libg.a(libc_a-lock.o)
                0x08004d80                __retarget_lock_init_recursive
 .text.__retarget_lock_close_recursive
                0x08004d82        0x2 C:/Environment/DevEnv/GNU-tools-for-STM32/bin/../lib/gcc/arm-none-eabi/13.3.1/../../../../arm-none-eabi/lib/thumb/v7-m/nofp\libg.a(libc_a-lock.o)
                0x08004d82                __retarget_lock_close_recursive
 .text.__retarget_lock_acquire_recursive
                0x08004d84        0x2 C:/Environment/DevEnv/GNU-tools-for-STM32/bin/../lib/gcc/arm-none-eabi/13.3.1/../../../../arm-none-eabi/lib/thumb/v7-m/nofp\libg.a(libc_a-lock.o)
                0x08004d84                __retarget_lock_acquire_recursive
 .text.__retarget_lock_release_recursive
                0x08004d86        0x2 C:/Environment/DevEnv/GNU-tools-for-STM32/bin/../lib/gcc/arm-none-eabi/13.3.1/../../../../arm-none-eabi/lib/thumb/v7-m/nofp\libg.a(libc_a-lock.o)
                0x08004d86                __retarget_lock_release_recursive
 .text.startup.register_fini
                0x08004d88       0x14 C:/Environment/DevEnv/GNU-tools-for-STM32/bin/../lib/gcc/arm-none-eabi/13.3.1/../../../../arm-none-eabi/lib/thumb/v7-m/nofp\libg.a(libc_a-__call_atexit.o)
 .text.atexit   0x08004d9c        0xc C:/Environment/DevEnv/GNU-tools-for-STM32/bin/../lib/gcc/arm-none-eabi/13.3.1/../../../../arm-none-eabi/lib/thumb/v7-m/nofp\libg.a(libc_a-atexit.o)
                0x08004d9c                atexit
 .text._malloc_trim_r
                0x08004da8       0xac C:/Environment/DevEnv/GNU-tools-for-STM32/bin/../lib/gcc/arm-none-eabi/13.3.1/../../../../arm-none-eabi/lib/thumb/v7-m/nofp\libg.a(libc_a-freer.o)
                0x08004da8                _malloc_trim_r
 .text._free_r  0x08004e54      0x180 C:/Environment/DevEnv/GNU-tools-for-STM32/bin/../lib/gcc/arm-none-eabi/13.3.1/../../../../arm-none-eabi/lib/thumb/v7-m/nofp\libg.a(libc_a-freer.o)
                0x08004e54                _free_r
 .text._malloc_r
                0x08004fd4      0x474 C:/Environment/DevEnv/GNU-tools-for-STM32/bin/../lib/gcc/arm-none-eabi/13.3.1/../../../../arm-none-eabi/lib/thumb/v7-m/nofp\libg.a(libc_a-mallocr.o)
                0x08004fd4                _malloc_r
 .text.__malloc_lock
                0x08005448        0xc C:/Environment/DevEnv/GNU-tools-for-STM32/bin/../lib/gcc/arm-none-eabi/13.3.1/../../../../arm-none-eabi/lib/thumb/v7-m/nofp\libg.a(libc_a-mlock.o)
                0x08005448                __malloc_lock
 .text.__malloc_unlock
                0x08005454        0xc C:/Environment/DevEnv/GNU-tools-for-STM32/bin/../lib/gcc/arm-none-eabi/13.3.1/../../../../arm-none-eabi/lib/thumb/v7-m/nofp\libg.a(libc_a-mlock.o)
                0x08005454                __malloc_unlock
 .text._svfprintf_r
                0x08005460     0x13bc C:/Environment/DevEnv/GNU-tools-for-STM32/bin/../lib/gcc/arm-none-eabi/13.3.1/../../../../arm-none-eabi/lib/thumb/v7-m/nofp\libg.a(libc_a-svfprintf.o)
                0x08005460                _svfprintf_r
 .text.__ssprint_r
                0x0800681c       0x4e C:/Environment/DevEnv/GNU-tools-for-STM32/bin/../lib/gcc/arm-none-eabi/13.3.1/../../../../arm-none-eabi/lib/thumb/v7-m/nofp\libg.a(libc_a-ssprint_r.o)
                0x0800681c                __ssprint_r
 .text._fclose_r
                0x0800686a       0xac C:/Environment/DevEnv/GNU-tools-for-STM32/bin/../lib/gcc/arm-none-eabi/13.3.1/../../../../arm-none-eabi/lib/thumb/v7-m/nofp\libg.a(libc_a-fclose.o)
                0x0800686a                _fclose_r
 *fill*         0x08006916        0x2 
 .text.__sflush_r
                0x08006918      0x108 C:/Environment/DevEnv/GNU-tools-for-STM32/bin/../lib/gcc/arm-none-eabi/13.3.1/../../../../arm-none-eabi/lib/thumb/v7-m/nofp\libg.a(libc_a-fflush.o)
                0x08006918                __sflush_r
 .text._fflush_r
                0x08006a20       0x4a C:/Environment/DevEnv/GNU-tools-for-STM32/bin/../lib/gcc/arm-none-eabi/13.3.1/../../../../arm-none-eabi/lib/thumb/v7-m/nofp\libg.a(libc_a-fflush.o)
                0x08006a20                _fflush_r
 .text.strncpy  0x08006a6a       0x26 C:/Environment/DevEnv/GNU-tools-for-STM32/bin/../lib/gcc/arm-none-eabi/13.3.1/../../../../arm-none-eabi/lib/thumb/v7-m/nofp\libg.a(libc_a-strncpy.o)
                0x08006a6a                strncpy
 .text._localeconv_r
                0x08006a90        0x8 C:/Environment/DevEnv/GNU-tools-for-STM32/bin/../lib/gcc/arm-none-eabi/13.3.1/../../../../arm-none-eabi/lib/thumb/v7-m/nofp\libg.a(libc_a-localeconv.o)
                0x08006a90                _localeconv_r
 .text._sbrk_r  0x08006a98       0x20 C:/Environment/DevEnv/GNU-tools-for-STM32/bin/../lib/gcc/arm-none-eabi/13.3.1/../../../../arm-none-eabi/lib/thumb/v7-m/nofp\libg.a(libc_a-sbrkr.o)
                0x08006a98                _sbrk_r
 .text.__libc_fini_array
                0x08006ab8       0x28 C:/Environment/DevEnv/GNU-tools-for-STM32/bin/../lib/gcc/arm-none-eabi/13.3.1/../../../../arm-none-eabi/lib/thumb/v7-m/nofp\libg.a(libc_a-fini.o)
                0x08006ab8                __libc_fini_array
 .text.sysconf  0x08006ae0       0x18 C:/Environment/DevEnv/GNU-tools-for-STM32/bin/../lib/gcc/arm-none-eabi/13.3.1/../../../../arm-none-eabi/lib/thumb/v7-m/nofp\libg.a(libc_a-sysconf.o)
                0x08006ae0                sysconf
 .text.memchr   0x08006af8       0x1c C:/Environment/DevEnv/GNU-tools-for-STM32/bin/../lib/gcc/arm-none-eabi/13.3.1/../../../../arm-none-eabi/lib/thumb/v7-m/nofp\libg.a(libc_a-memchr-stub.o)
                0x08006af8                memchr
 .text.frexp    0x08006b14       0x64 C:/Environment/DevEnv/GNU-tools-for-STM32/bin/../lib/gcc/arm-none-eabi/13.3.1/../../../../arm-none-eabi/lib/thumb/v7-m/nofp\libg.a(libm_a-s_frexp.o)
                0x08006b14                frexp
 .text.__register_exitproc
                0x08006b78       0x80 C:/Environment/DevEnv/GNU-tools-for-STM32/bin/../lib/gcc/arm-none-eabi/13.3.1/../../../../arm-none-eabi/lib/thumb/v7-m/nofp\libg.a(libc_a-__atexit.o)
                0x08006b78                __register_exitproc
 .text.quorem   0x08006bf8      0x110 C:/Environment/DevEnv/GNU-tools-for-STM32/bin/../lib/gcc/arm-none-eabi/13.3.1/../../../../arm-none-eabi/lib/thumb/v7-m/nofp\libg.a(libc_a-dtoa.o)
 .text._dtoa_r  0x08006d08      0xb74 C:/Environment/DevEnv/GNU-tools-for-STM32/bin/../lib/gcc/arm-none-eabi/13.3.1/../../../../arm-none-eabi/lib/thumb/v7-m/nofp\libg.a(libc_a-dtoa.o)
                0x08006d08                _dtoa_r
 .text._Balloc  0x0800787c       0x4a C:/Environment/DevEnv/GNU-tools-for-STM32/bin/../lib/gcc/arm-none-eabi/13.3.1/../../../../arm-none-eabi/lib/thumb/v7-m/nofp\libg.a(libc_a-mprec.o)
                0x0800787c                _Balloc
 .text._Bfree   0x080078c6       0x12 C:/Environment/DevEnv/GNU-tools-for-STM32/bin/../lib/gcc/arm-none-eabi/13.3.1/../../../../arm-none-eabi/lib/thumb/v7-m/nofp\libg.a(libc_a-mprec.o)
                0x080078c6                _Bfree
 .text.__multadd
                0x080078d8       0x8c C:/Environment/DevEnv/GNU-tools-for-STM32/bin/../lib/gcc/arm-none-eabi/13.3.1/../../../../arm-none-eabi/lib/thumb/v7-m/nofp\libg.a(libc_a-mprec.o)
                0x080078d8                __multadd
 .text.__hi0bits
                0x08007964       0x3e C:/Environment/DevEnv/GNU-tools-for-STM32/bin/../lib/gcc/arm-none-eabi/13.3.1/../../../../arm-none-eabi/lib/thumb/v7-m/nofp\libg.a(libc_a-mprec.o)
                0x08007964                __hi0bits
 .text.__lo0bits
                0x080079a2       0x5a C:/Environment/DevEnv/GNU-tools-for-STM32/bin/../lib/gcc/arm-none-eabi/13.3.1/../../../../arm-none-eabi/lib/thumb/v7-m/nofp\libg.a(libc_a-mprec.o)
                0x080079a2                __lo0bits
 .text.__i2b    0x080079fc       0x2c C:/Environment/DevEnv/GNU-tools-for-STM32/bin/../lib/gcc/arm-none-eabi/13.3.1/../../../../arm-none-eabi/lib/thumb/v7-m/nofp\libg.a(libc_a-mprec.o)
                0x080079fc                __i2b
 .text.__multiply
                0x08007a28      0x144 C:/Environment/DevEnv/GNU-tools-for-STM32/bin/../lib/gcc/arm-none-eabi/13.3.1/../../../../arm-none-eabi/lib/thumb/v7-m/nofp\libg.a(libc_a-mprec.o)
                0x08007a28                __multiply
 .text.__pow5mult
                0x08007b6c       0x80 C:/Environment/DevEnv/GNU-tools-for-STM32/bin/../lib/gcc/arm-none-eabi/13.3.1/../../../../arm-none-eabi/lib/thumb/v7-m/nofp\libg.a(libc_a-mprec.o)
                0x08007b6c                __pow5mult
 .text.__lshift
                0x08007bec       0xd8 C:/Environment/DevEnv/GNU-tools-for-STM32/bin/../lib/gcc/arm-none-eabi/13.3.1/../../../../arm-none-eabi/lib/thumb/v7-m/nofp\libg.a(libc_a-mprec.o)
                0x08007bec                __lshift
 .text.__mcmp   0x08007cc4       0x36 C:/Environment/DevEnv/GNU-tools-for-STM32/bin/../lib/gcc/arm-none-eabi/13.3.1/../../../../arm-none-eabi/lib/thumb/v7-m/nofp\libg.a(libc_a-mprec.o)
                0x08007cc4                __mcmp
 *fill*         0x08007cfa        0x2 
 .text.__mdiff  0x08007cfc      0x128 C:/Environment/DevEnv/GNU-tools-for-STM32/bin/../lib/gcc/arm-none-eabi/13.3.1/../../../../arm-none-eabi/lib/thumb/v7-m/nofp\libg.a(libc_a-mprec.o)
                0x08007cfc                __mdiff
 .text.__d2b    0x08007e24       0xb0 C:/Environment/DevEnv/GNU-tools-for-STM32/bin/../lib/gcc/arm-none-eabi/13.3.1/../../../../arm-none-eabi/lib/thumb/v7-m/nofp\libg.a(libc_a-mprec.o)
                0x08007e24                __d2b
 .text.__ssputs_r
                0x08007ed4       0xb6 C:/Environment/DevEnv/GNU-tools-for-STM32/bin/../lib/gcc/arm-none-eabi/13.3.1/../../../../arm-none-eabi/lib/thumb/v7-m/nofp\libg.a(libc_a-ssputs_r.o)
                0x08007ed4                __ssputs_r
 .text.memmove  0x08007f8a       0x34 C:/Environment/DevEnv/GNU-tools-for-STM32/bin/../lib/gcc/arm-none-eabi/13.3.1/../../../../arm-none-eabi/lib/thumb/v7-m/nofp\libg.a(libc_a-memmove.o)
                0x08007f8a                memmove
 .text.memcpy   0x08007fbe       0x1c C:/Environment/DevEnv/GNU-tools-for-STM32/bin/../lib/gcc/arm-none-eabi/13.3.1/../../../../arm-none-eabi/lib/thumb/v7-m/nofp\libg.a(libc_a-memcpy-stub.o)
                0x08007fbe                memcpy
 *fill*         0x08007fda        0x2 
 .text.__assert_func
                0x08007fdc       0x3c C:/Environment/DevEnv/GNU-tools-for-STM32/bin/../lib/gcc/arm-none-eabi/13.3.1/../../../../arm-none-eabi/lib/thumb/v7-m/nofp\libg.a(libc_a-assert.o)
                0x08007fdc                __assert_func
 .text._calloc_r
                0x08008018       0x6a C:/Environment/DevEnv/GNU-tools-for-STM32/bin/../lib/gcc/arm-none-eabi/13.3.1/../../../../arm-none-eabi/lib/thumb/v7-m/nofp\libg.a(libc_a-callocr.o)
                0x08008018                _calloc_r
 .text.__ascii_mbtowc
                0x08008082       0x24 C:/Environment/DevEnv/GNU-tools-for-STM32/bin/../lib/gcc/arm-none-eabi/13.3.1/../../../../arm-none-eabi/lib/thumb/v7-m/nofp\libg.a(libc_a-mbtowc_r.o)
                0x08008082                __ascii_mbtowc
 *fill*         0x080080a6        0x2 
 .text._realloc_r
                0x080080a8      0x358 C:/Environment/DevEnv/GNU-tools-for-STM32/bin/../lib/gcc/arm-none-eabi/13.3.1/../../../../arm-none-eabi/lib/thumb/v7-m/nofp\libg.a(libc_a-reallocr.o)
                0x080080a8                _realloc_r
 .text.__ascii_wctomb
                0x08008400       0x1a C:/Environment/DevEnv/GNU-tools-for-STM32/bin/../lib/gcc/arm-none-eabi/13.3.1/../../../../arm-none-eabi/lib/thumb/v7-m/nofp\libg.a(libc_a-wctomb_r.o)
                0x08008400                __ascii_wctomb
 *fill*         0x0800841a        0x2 
 .text.fiprintf
                0x0800841c       0x24 C:/Environment/DevEnv/GNU-tools-for-STM32/bin/../lib/gcc/arm-none-eabi/13.3.1/../../../../arm-none-eabi/lib/thumb/v7-m/nofp\libg.a(libc_a-fiprintf.o)
                0x0800841c                fiprintf
 .text._vfiprintf_r
                0x08008440      0x918 C:/Environment/DevEnv/GNU-tools-for-STM32/bin/../lib/gcc/arm-none-eabi/13.3.1/../../../../arm-none-eabi/lib/thumb/v7-m/nofp\libg.a(libc_a-vfiprintf.o)
                0x08008440                _vfiprintf_r
 .text.__sbprintf
                0x08008d58       0x80 C:/Environment/DevEnv/GNU-tools-for-STM32/bin/../lib/gcc/arm-none-eabi/13.3.1/../../../../arm-none-eabi/lib/thumb/v7-m/nofp\libg.a(libc_a-vfiprintf.o)
 .text.__sprint_r
                0x08008dd8       0x1a C:/Environment/DevEnv/GNU-tools-for-STM32/bin/../lib/gcc/arm-none-eabi/13.3.1/../../../../arm-none-eabi/lib/thumb/v7-m/nofp\libg.a(libc_a-sprint_r.o)
                0x08008dd8                __sprint_r
 *fill*         0x08008df2        0x2 
 .text.__sfvwrite_r
                0x08008df4      0x298 C:/Environment/DevEnv/GNU-tools-for-STM32/bin/../lib/gcc/arm-none-eabi/13.3.1/../../../../arm-none-eabi/lib/thumb/v7-m/nofp\libg.a(libc_a-fvwrite.o)
                0x08008df4                __sfvwrite_r
 .text.__swsetup_r
                0x0800908c       0xac C:/Environment/DevEnv/GNU-tools-for-STM32/bin/../lib/gcc/arm-none-eabi/13.3.1/../../../../arm-none-eabi/lib/thumb/v7-m/nofp\libg.a(libc_a-wsetup.o)
                0x0800908c                __swsetup_r
 .text.abort    0x08009138        0xe C:/Environment/DevEnv/GNU-tools-for-STM32/bin/../lib/gcc/arm-none-eabi/13.3.1/../../../../arm-none-eabi/lib/thumb/v7-m/nofp\libg.a(libc_a-abort.o)
                0x08009138                abort
 .text.__swhatbuf_r
                0x08009146       0x50 C:/Environment/DevEnv/GNU-tools-for-STM32/bin/../lib/gcc/arm-none-eabi/13.3.1/../../../../arm-none-eabi/lib/thumb/v7-m/nofp\libg.a(libc_a-makebuf.o)
                0x08009146                __swhatbuf_r
 .text.__smakebuf_r
                0x08009196       0x78 C:/Environment/DevEnv/GNU-tools-for-STM32/bin/../lib/gcc/arm-none-eabi/13.3.1/../../../../arm-none-eabi/lib/thumb/v7-m/nofp\libg.a(libc_a-makebuf.o)
                0x08009196                __smakebuf_r
 .text._raise_r
                0x0800920e       0x52 C:/Environment/DevEnv/GNU-tools-for-STM32/bin/../lib/gcc/arm-none-eabi/13.3.1/../../../../arm-none-eabi/lib/thumb/v7-m/nofp\libg.a(libc_a-signal.o)
                0x0800920e                _raise_r
 .text.raise    0x08009260       0x10 C:/Environment/DevEnv/GNU-tools-for-STM32/bin/../lib/gcc/arm-none-eabi/13.3.1/../../../../arm-none-eabi/lib/thumb/v7-m/nofp\libg.a(libc_a-signal.o)
                0x08009260                raise
 .text._fstat_r
                0x08009270       0x24 C:/Environment/DevEnv/GNU-tools-for-STM32/bin/../lib/gcc/arm-none-eabi/13.3.1/../../../../arm-none-eabi/lib/thumb/v7-m/nofp\libg.a(libc_a-fstatr.o)
                0x08009270                _fstat_r
 .text._isatty_r
                0x08009294       0x20 C:/Environment/DevEnv/GNU-tools-for-STM32/bin/../lib/gcc/arm-none-eabi/13.3.1/../../../../arm-none-eabi/lib/thumb/v7-m/nofp\libg.a(libc_a-isattyr.o)
                0x08009294                _isatty_r
 .text._kill_r  0x080092b4       0x24 C:/Environment/DevEnv/GNU-tools-for-STM32/bin/../lib/gcc/arm-none-eabi/13.3.1/../../../../arm-none-eabi/lib/thumb/v7-m/nofp\libg.a(libc_a-signalr.o)
                0x080092b4                _kill_r
 .text._getpid_r
                0x080092d8        0x4 C:/Environment/DevEnv/GNU-tools-for-STM32/bin/../lib/gcc/arm-none-eabi/13.3.1/../../../../arm-none-eabi/lib/thumb/v7-m/nofp\libg.a(libc_a-signalr.o)
                0x080092d8                _getpid_r
 .text.pow      0x080092dc       0xd0 C:/Environment/DevEnv/GNU-tools-for-STM32/bin/../lib/gcc/arm-none-eabi/13.3.1/../../../../arm-none-eabi/lib/thumb/v7-m/nofp\libm.a(libm_a-w_pow.o)
                0x080092dc                pow
 .text.finite   0x080093ac        0xc C:/Environment/DevEnv/GNU-tools-for-STM32/bin/../lib/gcc/arm-none-eabi/13.3.1/../../../../arm-none-eabi/lib/thumb/v7-m/nofp\libm.a(libm_a-s_finite.o)
                0x080093ac                finite
 .text.__ieee754_pow
                0x080093b8      0xa54 C:/Environment/DevEnv/GNU-tools-for-STM32/bin/../lib/gcc/arm-none-eabi/13.3.1/../../../../arm-none-eabi/lib/thumb/v7-m/nofp\libm.a(libm_a-e_pow.o)
                0x080093b8                __ieee754_pow
 .text.fabs     0x08009e0c        0x8 C:/Environment/DevEnv/GNU-tools-for-STM32/bin/../lib/gcc/arm-none-eabi/13.3.1/../../../../arm-none-eabi/lib/thumb/v7-m/nofp\libm.a(libm_a-s_fabs.o)
                0x08009e0c                fabs
 *fill*         0x08009e14        0x4 
 .text.scalbn   0x08009e18       0xe4 C:/Environment/DevEnv/GNU-tools-for-STM32/bin/../lib/gcc/arm-none-eabi/13.3.1/../../../../arm-none-eabi/lib/thumb/v7-m/nofp\libm.a(libm_a-s_scalbn.o)
                0x08009e18                scalbn
 .text.with_errno
                0x08009efc       0x14 C:/Environment/DevEnv/GNU-tools-for-STM32/bin/../lib/gcc/arm-none-eabi/13.3.1/../../../../arm-none-eabi/lib/thumb/v7-m/nofp\libm.a(libm_a-math_err.o)
 .text.xflow    0x08009f10       0x26 C:/Environment/DevEnv/GNU-tools-for-STM32/bin/../lib/gcc/arm-none-eabi/13.3.1/../../../../arm-none-eabi/lib/thumb/v7-m/nofp\libm.a(libm_a-math_err.o)
 .text.__math_uflow
                0x08009f36        0xa C:/Environment/DevEnv/GNU-tools-for-STM32/bin/../lib/gcc/arm-none-eabi/13.3.1/../../../../arm-none-eabi/lib/thumb/v7-m/nofp\libm.a(libm_a-math_err.o)
                0x08009f36                __math_uflow
 .text.__math_oflow
                0x08009f40        0xa C:/Environment/DevEnv/GNU-tools-for-STM32/bin/../lib/gcc/arm-none-eabi/13.3.1/../../../../arm-none-eabi/lib/thumb/v7-m/nofp\libm.a(libm_a-math_err.o)
                0x08009f40                __math_oflow
 *fill*         0x08009f4a        0x2 
 .text.__ieee754_sqrt
                0x08009f4c      0x1a4 C:/Environment/DevEnv/GNU-tools-for-STM32/bin/../lib/gcc/arm-none-eabi/13.3.1/../../../../arm-none-eabi/lib/thumb/v7-m/nofp\libm.a(libm_a-e_sqrt.o)
                0x08009f4c                __ieee754_sqrt
 *(.glue_7)
 .glue_7        0x0800a0f0        0x0 linker stubs
 *(.glue_7t)
 .glue_7t       0x0800a0f0        0x0 linker stubs
 *(.eh_frame)
 .eh_frame      0x0800a0f0        0x0 C:/Environment/DevEnv/GNU-tools-for-STM32/bin/../lib/gcc/arm-none-eabi/13.3.1/thumb/v7-m/nofp/crtbegin.o
 *(.init)
 .init          0x0800a0f0        0x4 C:/Environment/DevEnv/GNU-tools-for-STM32/bin/../lib/gcc/arm-none-eabi/13.3.1/thumb/v7-m/nofp/crti.o
                0x0800a0f0                _init
 .init          0x0800a0f4        0x8 C:/Environment/DevEnv/GNU-tools-for-STM32/bin/../lib/gcc/arm-none-eabi/13.3.1/thumb/v7-m/nofp/crtn.o
 *(.fini)
 .fini          0x0800a0fc        0x4 C:/Environment/DevEnv/GNU-tools-for-STM32/bin/../lib/gcc/arm-none-eabi/13.3.1/thumb/v7-m/nofp/crti.o
                0x0800a0fc                _fini
 .fini          0x0800a100        0x8 C:/Environment/DevEnv/GNU-tools-for-STM32/bin/../lib/gcc/arm-none-eabi/13.3.1/thumb/v7-m/nofp/crtn.o
                0x0800a108                        . = ALIGN (0x4)
                0x0800a108                        _etext = .

.vfp11_veneer   0x0800a108        0x0
 .vfp11_veneer  0x0800a108        0x0 linker stubs

.v4_bx          0x0800a108        0x0
 .v4_bx         0x0800a108        0x0 linker stubs

.iplt           0x0800a108        0x0
 .iplt          0x0800a108        0x0 C:/Environment/DevEnv/GNU-tools-for-STM32/bin/../lib/gcc/arm-none-eabi/13.3.1/thumb/v7-m/nofp/crtbegin.o

.rodata         0x0800a108      0x448
                0x0800a108                        . = ALIGN (0x4)
 *(.rodata)
 *(.rodata*)
 .rodata.AHT20_Init.str1.4
                0x0800a108       0x35 CMakeFiles/Sentio.elf.dir/Core/Src/aht20.c.obj
                                  0x3 (size before relaxing)
 .rodata.AHT20_Measure.str1.4
                0x0800a13d        0x3 CMakeFiles/Sentio.elf.dir/Core/Src/aht20.c.obj
 .rodata.main.str1.4
                0x0800a13d       0x2d CMakeFiles/Sentio.elf.dir/Core/Src/main.c.obj
 *fill*         0x0800a13d        0x3 
 .rodata.APBPrescTable
                0x0800a140        0x8 CMakeFiles/Sentio.elf.dir/Core/Src/system_stm32f1xx.c.obj
                0x0800a140                APBPrescTable
 .rodata.AHBPrescTable
                0x0800a148       0x10 CMakeFiles/Sentio.elf.dir/Core/Src/system_stm32f1xx.c.obj
                0x0800a148                AHBPrescTable
 .rodata.aPredivFactorTable.0
                0x0800a158        0x2 CMakeFiles/Sentio.elf.dir/Drivers/STM32F1xx_HAL_Driver/Src/stm32f1xx_hal_rcc.c.obj
 *fill*         0x0800a15a        0x2 
 .rodata.aPLLMULFactorTable.1
                0x0800a15c       0x10 CMakeFiles/Sentio.elf.dir/Drivers/STM32F1xx_HAL_Driver/Src/stm32f1xx_hal_rcc.c.obj
 .rodata.aPredivFactorTable.0
                0x0800a16c        0x2 CMakeFiles/Sentio.elf.dir/Drivers/STM32F1xx_HAL_Driver/Src/stm32f1xx_hal_rcc_ex.c.obj
 *fill*         0x0800a16e        0x2 
 .rodata.aPLLMULFactorTable.1
                0x0800a170       0x10 CMakeFiles/Sentio.elf.dir/Drivers/STM32F1xx_HAL_Driver/Src/stm32f1xx_hal_rcc_ex.c.obj
 .rodata._svfprintf_r.str1.1
                0x0800a180      0x149 C:/Environment/DevEnv/GNU-tools-for-STM32/bin/../lib/gcc/arm-none-eabi/13.3.1/../../../../arm-none-eabi/lib/thumb/v7-m/nofp\libg.a(libc_a-svfprintf.o)
                                 0x34 (size before relaxing)
 .rodata.zeroes.0
                0x0800a2c9       0x10 C:/Environment/DevEnv/GNU-tools-for-STM32/bin/../lib/gcc/arm-none-eabi/13.3.1/../../../../arm-none-eabi/lib/thumb/v7-m/nofp\libg.a(libc_a-svfprintf.o)
 .rodata.blanks.1
                0x0800a2d9       0x10 C:/Environment/DevEnv/GNU-tools-for-STM32/bin/../lib/gcc/arm-none-eabi/13.3.1/../../../../arm-none-eabi/lib/thumb/v7-m/nofp\libg.a(libc_a-svfprintf.o)
 .rodata._dtoa_r.str1.1
                0x0800a2e9       0x78 C:/Environment/DevEnv/GNU-tools-for-STM32/bin/../lib/gcc/arm-none-eabi/13.3.1/../../../../arm-none-eabi/lib/thumb/v7-m/nofp\libg.a(libc_a-dtoa.o)
 .rodata.__multadd.str1.1
                0x0800a2e9       0x6a C:/Environment/DevEnv/GNU-tools-for-STM32/bin/../lib/gcc/arm-none-eabi/13.3.1/../../../../arm-none-eabi/lib/thumb/v7-m/nofp\libg.a(libc_a-mprec.o)
 *fill*         0x0800a2e9        0x3 
 .rodata.p05.0  0x0800a2ec        0xc C:/Environment/DevEnv/GNU-tools-for-STM32/bin/../lib/gcc/arm-none-eabi/13.3.1/../../../../arm-none-eabi/lib/thumb/v7-m/nofp\libg.a(libc_a-mprec.o)
 .rodata.__mprec_bigtens
                0x0800a2f8       0x28 C:/Environment/DevEnv/GNU-tools-for-STM32/bin/../lib/gcc/arm-none-eabi/13.3.1/../../../../arm-none-eabi/lib/thumb/v7-m/nofp\libg.a(libc_a-mprec.o)
                0x0800a2f8                __mprec_bigtens
 .rodata.__mprec_tens
                0x0800a320       0xc8 C:/Environment/DevEnv/GNU-tools-for-STM32/bin/../lib/gcc/arm-none-eabi/13.3.1/../../../../arm-none-eabi/lib/thumb/v7-m/nofp\libg.a(libc_a-mprec.o)
                0x0800a320                __mprec_tens
 .rodata._setlocale_r.str1.1
                0x0800a3e8        0x9 C:/Environment/DevEnv/GNU-tools-for-STM32/bin/../lib/gcc/arm-none-eabi/13.3.1/../../../../arm-none-eabi/lib/thumb/v7-m/nofp\libg.a(libc_a-locale.o)
 .rodata.str1.1
                0x0800a3e8        0x2 C:/Environment/DevEnv/GNU-tools-for-STM32/bin/../lib/gcc/arm-none-eabi/13.3.1/../../../../arm-none-eabi/lib/thumb/v7-m/nofp\libg.a(libc_a-locale.o)
 .rodata.__assert_func.str1.1
                0x0800a3e8       0x3d C:/Environment/DevEnv/GNU-tools-for-STM32/bin/../lib/gcc/arm-none-eabi/13.3.1/../../../../arm-none-eabi/lib/thumb/v7-m/nofp\libg.a(libc_a-assert.o)
 .rodata._ctype_
                0x0800a3e8      0x101 C:/Environment/DevEnv/GNU-tools-for-STM32/bin/../lib/gcc/arm-none-eabi/13.3.1/../../../../arm-none-eabi/lib/thumb/v7-m/nofp\libg.a(libc_a-ctype_.o)
                0x0800a3e8                _ctype_
 .rodata._vfiprintf_r.str1.1
                0x0800a4e9       0x22 C:/Environment/DevEnv/GNU-tools-for-STM32/bin/../lib/gcc/arm-none-eabi/13.3.1/../../../../arm-none-eabi/lib/thumb/v7-m/nofp\libg.a(libc_a-vfiprintf.o)
 .rodata.zeroes.0
                0x0800a4e9       0x10 C:/Environment/DevEnv/GNU-tools-for-STM32/bin/../lib/gcc/arm-none-eabi/13.3.1/../../../../arm-none-eabi/lib/thumb/v7-m/nofp\libg.a(libc_a-vfiprintf.o)
 .rodata.blanks.1
                0x0800a4f9       0x10 C:/Environment/DevEnv/GNU-tools-for-STM32/bin/../lib/gcc/arm-none-eabi/13.3.1/../../../../arm-none-eabi/lib/thumb/v7-m/nofp\libg.a(libc_a-vfiprintf.o)
 *fill*         0x0800a509        0x7 
 .rodata.dp_l   0x0800a510       0x10 C:/Environment/DevEnv/GNU-tools-for-STM32/bin/../lib/gcc/arm-none-eabi/13.3.1/../../../../arm-none-eabi/lib/thumb/v7-m/nofp\libm.a(libm_a-e_pow.o)
 .rodata.dp_h   0x0800a520       0x10 C:/Environment/DevEnv/GNU-tools-for-STM32/bin/../lib/gcc/arm-none-eabi/13.3.1/../../../../arm-none-eabi/lib/thumb/v7-m/nofp\libm.a(libm_a-e_pow.o)
 .rodata.bp     0x0800a530       0x10 C:/Environment/DevEnv/GNU-tools-for-STM32/bin/../lib/gcc/arm-none-eabi/13.3.1/../../../../arm-none-eabi/lib/thumb/v7-m/nofp\libm.a(libm_a-e_pow.o)
 .rodata.tiny   0x0800a540        0x8 C:/Environment/DevEnv/GNU-tools-for-STM32/bin/../lib/gcc/arm-none-eabi/13.3.1/../../../../arm-none-eabi/lib/thumb/v7-m/nofp\libm.a(libm_a-e_sqrt.o)
 .rodata.one    0x0800a548        0x8 C:/Environment/DevEnv/GNU-tools-for-STM32/bin/../lib/gcc/arm-none-eabi/13.3.1/../../../../arm-none-eabi/lib/thumb/v7-m/nofp\libm.a(libm_a-e_sqrt.o)
                0x0800a550                        . = ALIGN (0x4)

.ARM.extab      0x0800a550        0x0
                0x0800a550                        . = ALIGN (0x4)
 *(.ARM.extab* .gnu.linkonce.armextab.*)
                0x0800a550                        . = ALIGN (0x4)

.ARM            0x0800a550        0x8
                0x0800a550                        . = ALIGN (0x4)
                0x0800a550                        __exidx_start = .
 *(.ARM.exidx*)
 .ARM.exidx     0x0800a550        0x8 C:/Environment/DevEnv/GNU-tools-for-STM32/bin/../lib/gcc/arm-none-eabi/13.3.1/../../../../arm-none-eabi/lib/thumb/v7-m/nofp\libg.a(libc_a-strlen.o)
 .ARM.exidx     0x0800a558        0x0 C:/Environment/DevEnv/GNU-tools-for-STM32/bin/../lib/gcc/arm-none-eabi/13.3.1/thumb/v7-m/nofp\libgcc.a(_udivmoddi4.o)
                                  0x8 (size before relaxing)
                0x0800a558                        __exidx_end = .
                0x0800a558                        . = ALIGN (0x4)

.preinit_array  0x0800a558        0x0
                0x0800a558                        . = ALIGN (0x4)
                0x0800a558                        PROVIDE (__preinit_array_start = .)
 *(.preinit_array*)
                0x0800a558                        PROVIDE (__preinit_array_end = .)
                0x0800a558                        . = ALIGN (0x4)

.init_array     0x0800a558        0x8
                0x0800a558                        . = ALIGN (0x4)
                0x0800a558                        PROVIDE (__init_array_start = .)
 *(SORT_BY_NAME(.init_array.*))
 .init_array.00000
                0x0800a558        0x4 C:/Environment/DevEnv/GNU-tools-for-STM32/bin/../lib/gcc/arm-none-eabi/13.3.1/../../../../arm-none-eabi/lib/thumb/v7-m/nofp\libg.a(libc_a-__call_atexit.o)
 *(.init_array*)
 .init_array    0x0800a55c        0x4 C:/Environment/DevEnv/GNU-tools-for-STM32/bin/../lib/gcc/arm-none-eabi/13.3.1/thumb/v7-m/nofp/crtbegin.o
                0x0800a560                        PROVIDE (__init_array_end = .)
                0x0800a560                        . = ALIGN (0x4)

.fini_array     0x0800a560        0x4
                0x0800a560                        . = ALIGN (0x4)
                0x0800a560                        PROVIDE (__fini_array_start = .)
 *(SORT_BY_NAME(.fini_array.*))
 *(.fini_array*)
 .fini_array    0x0800a560        0x4 C:/Environment/DevEnv/GNU-tools-for-STM32/bin/../lib/gcc/arm-none-eabi/13.3.1/thumb/v7-m/nofp/crtbegin.o
                0x0800a564                        PROVIDE (__fini_array_end = .)
                0x0800a564                        . = ALIGN (0x4)
                0x0800a564                        _sidata = LOADADDR (.data)

.rel.dyn        0x0800a564        0x0
 .rel.iplt      0x0800a564        0x0 C:/Environment/DevEnv/GNU-tools-for-STM32/bin/../lib/gcc/arm-none-eabi/13.3.1/thumb/v7-m/nofp/crtbegin.o

.data           0x20000000      0x6e0 load address 0x0800a564
                0x20000000                        . = ALIGN (0x4)
                0x20000000                        _sdata = .
 *(.data)
 *(.data*)
 .data.SystemCoreClock
                0x20000000        0x4 CMakeFiles/Sentio.elf.dir/Core/Src/system_stm32f1xx.c.obj
                0x20000000                SystemCoreClock
 .data.uwTickFreq
                0x20000004        0x1 CMakeFiles/Sentio.elf.dir/Drivers/STM32F1xx_HAL_Driver/Src/stm32f1xx_hal.c.obj
                0x20000004                uwTickFreq
 *fill*         0x20000005        0x3 
 .data.uwTickPrio
                0x20000008        0x4 CMakeFiles/Sentio.elf.dir/Drivers/STM32F1xx_HAL_Driver/Src/stm32f1xx_hal.c.obj
                0x20000008                uwTickPrio
 .data.__sglue  0x2000000c        0xc C:/Environment/DevEnv/GNU-tools-for-STM32/bin/../lib/gcc/arm-none-eabi/13.3.1/../../../../arm-none-eabi/lib/thumb/v7-m/nofp\libg.a(libc_a-findfp.o)
                0x2000000c                __sglue
 .data._impure_ptr
                0x20000018        0x4 C:/Environment/DevEnv/GNU-tools-for-STM32/bin/../lib/gcc/arm-none-eabi/13.3.1/../../../../arm-none-eabi/lib/thumb/v7-m/nofp\libg.a(libc_a-impure.o)
                0x20000018                _impure_ptr
 *fill*         0x2000001c        0x4 
 .data._impure_data
                0x20000020      0x140 C:/Environment/DevEnv/GNU-tools-for-STM32/bin/../lib/gcc/arm-none-eabi/13.3.1/../../../../arm-none-eabi/lib/thumb/v7-m/nofp\libg.a(libc_a-impure.o)
                0x20000020                _impure_data
 .data.__atexit_recursive_mutex
                0x20000160        0x4 C:/Environment/DevEnv/GNU-tools-for-STM32/bin/../lib/gcc/arm-none-eabi/13.3.1/../../../../arm-none-eabi/lib/thumb/v7-m/nofp\libg.a(libc_a-__call_atexit.o)
                0x20000160                __atexit_recursive_mutex
 .data.__malloc_sbrk_base
                0x20000164        0x4 C:/Environment/DevEnv/GNU-tools-for-STM32/bin/../lib/gcc/arm-none-eabi/13.3.1/../../../../arm-none-eabi/lib/thumb/v7-m/nofp\libg.a(libc_a-mallocr.o)
                0x20000164                __malloc_sbrk_base
 .data.__malloc_trim_threshold
                0x20000168        0x4 C:/Environment/DevEnv/GNU-tools-for-STM32/bin/../lib/gcc/arm-none-eabi/13.3.1/../../../../arm-none-eabi/lib/thumb/v7-m/nofp\libg.a(libc_a-mallocr.o)
                0x20000168                __malloc_trim_threshold
 .data.__malloc_av_
                0x2000016c      0x408 C:/Environment/DevEnv/GNU-tools-for-STM32/bin/../lib/gcc/arm-none-eabi/13.3.1/../../../../arm-none-eabi/lib/thumb/v7-m/nofp\libg.a(libc_a-mallocr.o)
                0x2000016c                __malloc_av_
 .data.__global_locale
                0x20000574      0x16c C:/Environment/DevEnv/GNU-tools-for-STM32/bin/../lib/gcc/arm-none-eabi/13.3.1/../../../../arm-none-eabi/lib/thumb/v7-m/nofp\libg.a(libc_a-locale.o)
                0x20000574                __global_locale
 *(.RamFunc)
 *(.RamFunc*)
                0x200006e0                        . = ALIGN (0x4)
                0x200006e0                        _edata = .

.igot.plt       0x200006e0        0x0 load address 0x0800ac44
 .igot.plt      0x200006e0        0x0 C:/Environment/DevEnv/GNU-tools-for-STM32/bin/../lib/gcc/arm-none-eabi/13.3.1/thumb/v7-m/nofp/crtbegin.o
                0x200006e0                        . = ALIGN (0x4)

.bss            0x200006e0      0x4ac load address 0x0800ac44
                0x200006e0                        _sbss = .
                0x200006e0                        __bss_start__ = _sbss
 *(.bss)
 .bss           0x200006e0       0x1c C:/Environment/DevEnv/GNU-tools-for-STM32/bin/../lib/gcc/arm-none-eabi/13.3.1/thumb/v7-m/nofp/crtbegin.o
 *(.bss*)
 .bss.hdma_adc1
                0x200006fc       0x44 CMakeFiles/Sentio.elf.dir/Core/Src/adc.c.obj
                0x200006fc                hdma_adc1
 .bss.hadc1     0x20000740       0x30 CMakeFiles/Sentio.elf.dir/Core/Src/adc.c.obj
                0x20000740                hadc1
 .bss.Humidity  0x20000770        0x4 CMakeFiles/Sentio.elf.dir/Core/Src/aht20.c.obj
                0x20000770                Humidity
 .bss.Temperature
                0x20000774        0x4 CMakeFiles/Sentio.elf.dir/Core/Src/aht20.c.obj
                0x20000774                Temperature
 .bss.distance  0x20000778        0x4 CMakeFiles/Sentio.elf.dir/Core/Src/hcsr04.c.obj
                0x20000778                distance
 .bss.downedge  0x2000077c        0x4 CMakeFiles/Sentio.elf.dir/Core/Src/hcsr04.c.obj
                0x2000077c                downedge
 .bss.upedge    0x20000780        0x4 CMakeFiles/Sentio.elf.dir/Core/Src/hcsr04.c.obj
                0x20000780                upedge
 .bss.hi2c1     0x20000784       0x54 CMakeFiles/Sentio.elf.dir/Core/Src/i2c.c.obj
                0x20000784                hi2c1
 .bss.values    0x200007d8       0x10 CMakeFiles/Sentio.elf.dir/Core/Src/main.c.obj
                0x200007d8                values
 .bss.__sbrk_heap_end
                0x200007e8        0x4 CMakeFiles/Sentio.elf.dir/Core/Src/sysmem.c.obj
 .bss.htim1     0x200007ec       0x48 CMakeFiles/Sentio.elf.dir/Core/Src/tim.c.obj
                0x200007ec                htim1
 .bss.huart3    0x20000834       0x48 CMakeFiles/Sentio.elf.dir/Core/Src/usart.c.obj
                0x20000834                huart3
 .bss.uwTick    0x2000087c        0x4 CMakeFiles/Sentio.elf.dir/Drivers/STM32F1xx_HAL_Driver/Src/stm32f1xx_hal.c.obj
                0x2000087c                uwTick
 .bss.__sf      0x20000880      0x138 C:/Environment/DevEnv/GNU-tools-for-STM32/bin/../lib/gcc/arm-none-eabi/13.3.1/../../../../arm-none-eabi/lib/thumb/v7-m/nofp\libg.a(libc_a-findfp.o)
                0x20000880                __sf
 .bss.__stdio_exit_handler
                0x200009b8        0x4 C:/Environment/DevEnv/GNU-tools-for-STM32/bin/../lib/gcc/arm-none-eabi/13.3.1/../../../../arm-none-eabi/lib/thumb/v7-m/nofp\libg.a(libc_a-findfp.o)
                0x200009b8                __stdio_exit_handler
 .bss.errno     0x200009bc        0x4 C:/Environment/DevEnv/GNU-tools-for-STM32/bin/../lib/gcc/arm-none-eabi/13.3.1/../../../../arm-none-eabi/lib/thumb/v7-m/nofp\libg.a(libc_a-reent.o)
                0x200009bc                errno
 .bss.__lock___malloc_recursive_mutex
                0x200009c0        0x1 C:/Environment/DevEnv/GNU-tools-for-STM32/bin/../lib/gcc/arm-none-eabi/13.3.1/../../../../arm-none-eabi/lib/thumb/v7-m/nofp\libg.a(libc_a-lock.o)
                0x200009c0                __lock___malloc_recursive_mutex
 .bss.__lock___atexit_recursive_mutex
                0x200009c1        0x1 C:/Environment/DevEnv/GNU-tools-for-STM32/bin/../lib/gcc/arm-none-eabi/13.3.1/../../../../arm-none-eabi/lib/thumb/v7-m/nofp\libg.a(libc_a-lock.o)
                0x200009c1                __lock___atexit_recursive_mutex
 .bss.__lock___sfp_recursive_mutex
                0x200009c2        0x1 C:/Environment/DevEnv/GNU-tools-for-STM32/bin/../lib/gcc/arm-none-eabi/13.3.1/../../../../arm-none-eabi/lib/thumb/v7-m/nofp\libg.a(libc_a-lock.o)
                0x200009c2                __lock___sfp_recursive_mutex
 *fill*         0x200009c3        0x1 
 .bss.__atexit  0x200009c4        0x4 C:/Environment/DevEnv/GNU-tools-for-STM32/bin/../lib/gcc/arm-none-eabi/13.3.1/../../../../arm-none-eabi/lib/thumb/v7-m/nofp\libg.a(libc_a-__call_atexit.o)
                0x200009c4                __atexit
 .bss.__malloc_current_mallinfo
                0x200009c8       0x28 C:/Environment/DevEnv/GNU-tools-for-STM32/bin/../lib/gcc/arm-none-eabi/13.3.1/../../../../arm-none-eabi/lib/thumb/v7-m/nofp\libg.a(libc_a-mallocr.o)
                0x200009c8                __malloc_current_mallinfo
 .bss.__malloc_max_total_mem
                0x200009f0        0x4 C:/Environment/DevEnv/GNU-tools-for-STM32/bin/../lib/gcc/arm-none-eabi/13.3.1/../../../../arm-none-eabi/lib/thumb/v7-m/nofp\libg.a(libc_a-mallocr.o)
                0x200009f0                __malloc_max_total_mem
 .bss.__malloc_max_sbrked_mem
                0x200009f4        0x4 C:/Environment/DevEnv/GNU-tools-for-STM32/bin/../lib/gcc/arm-none-eabi/13.3.1/../../../../arm-none-eabi/lib/thumb/v7-m/nofp\libg.a(libc_a-mallocr.o)
                0x200009f4                __malloc_max_sbrked_mem
 .bss.__malloc_top_pad
                0x200009f8        0x4 C:/Environment/DevEnv/GNU-tools-for-STM32/bin/../lib/gcc/arm-none-eabi/13.3.1/../../../../arm-none-eabi/lib/thumb/v7-m/nofp\libg.a(libc_a-mallocr.o)
                0x200009f8                __malloc_top_pad
 .bss.__atexit0
                0x200009fc      0x190 C:/Environment/DevEnv/GNU-tools-for-STM32/bin/../lib/gcc/arm-none-eabi/13.3.1/../../../../arm-none-eabi/lib/thumb/v7-m/nofp\libg.a(libc_a-__atexit.o)
                0x200009fc                __atexit0
 *(COMMON)
                0x20000b8c                        . = ALIGN (0x4)
                0x20000b8c                        _ebss = .
                0x20000b8c                        __bss_end__ = _ebss

._user_heap_stack
                0x20000b8c      0x604 load address 0x0800ac44
                0x20000b90                        . = ALIGN (0x8)
 *fill*         0x20000b8c        0x4 
                [!provide]                        PROVIDE (end = .)
                0x20000b90                        PROVIDE (_end = .)
                0x20000d90                        . = (. + _Min_Heap_Size)
 *fill*         0x20000b90      0x200 
                0x20001190                        . = (. + _Min_Stack_Size)
 *fill*         0x20000d90      0x400 
                0x20001190                        . = ALIGN (0x8)

/DISCARD/
 libc.a(*)
 libm.a(*)
 libgcc.a(*)

.ARM.attributes
                0x00000000       0x29
 *(.ARM.attributes)
 .ARM.attributes
                0x00000000       0x1d C:/Environment/DevEnv/GNU-tools-for-STM32/bin/../lib/gcc/arm-none-eabi/13.3.1/thumb/v7-m/nofp/crti.o
 .ARM.attributes
                0x0000001d       0x2d C:/Environment/DevEnv/GNU-tools-for-STM32/bin/../lib/gcc/arm-none-eabi/13.3.1/thumb/v7-m/nofp/crtbegin.o
 .ARM.attributes
                0x0000004a       0x2d CMakeFiles/Sentio.elf.dir/Core/Src/MQ-136.c.obj
 .ARM.attributes
                0x00000077       0x2d CMakeFiles/Sentio.elf.dir/Core/Src/MQ-4.c.obj
 .ARM.attributes
                0x000000a4       0x2d CMakeFiles/Sentio.elf.dir/Core/Src/adc.c.obj
 .ARM.attributes
                0x000000d1       0x2d CMakeFiles/Sentio.elf.dir/Core/Src/aht20.c.obj
 .ARM.attributes
                0x000000fe       0x2d CMakeFiles/Sentio.elf.dir/Core/Src/buzzer.c.obj
 .ARM.attributes
                0x0000012b       0x2d CMakeFiles/Sentio.elf.dir/Core/Src/dma.c.obj
 .ARM.attributes
                0x00000158       0x2d CMakeFiles/Sentio.elf.dir/Core/Src/gpio.c.obj
 .ARM.attributes
                0x00000185       0x2d CMakeFiles/Sentio.elf.dir/Core/Src/hcsr04.c.obj
 .ARM.attributes
                0x000001b2       0x2d CMakeFiles/Sentio.elf.dir/Core/Src/i2c.c.obj
 .ARM.attributes
                0x000001df       0x2d CMakeFiles/Sentio.elf.dir/Core/Src/main.c.obj
 .ARM.attributes
                0x0000020c       0x2d CMakeFiles/Sentio.elf.dir/Core/Src/stm32f1xx_hal_msp.c.obj
 .ARM.attributes
                0x00000239       0x2d CMakeFiles/Sentio.elf.dir/Core/Src/stm32f1xx_it.c.obj
 .ARM.attributes
                0x00000266       0x2d CMakeFiles/Sentio.elf.dir/Core/Src/syscalls.c.obj
 .ARM.attributes
                0x00000293       0x2d CMakeFiles/Sentio.elf.dir/Core/Src/sysmem.c.obj
 .ARM.attributes
                0x000002c0       0x2d CMakeFiles/Sentio.elf.dir/Core/Src/system_stm32f1xx.c.obj
 .ARM.attributes
                0x000002ed       0x2d CMakeFiles/Sentio.elf.dir/Core/Src/tim.c.obj
 .ARM.attributes
                0x0000031a       0x2d CMakeFiles/Sentio.elf.dir/Core/Src/usart.c.obj
 .ARM.attributes
                0x00000347       0x21 CMakeFiles/Sentio.elf.dir/Core/Startup/startup_stm32f103c8tx.s.obj
 .ARM.attributes
                0x00000368       0x2d CMakeFiles/Sentio.elf.dir/Drivers/STM32F1xx_HAL_Driver/Src/stm32f1xx_hal.c.obj
 .ARM.attributes
                0x00000395       0x2d CMakeFiles/Sentio.elf.dir/Drivers/STM32F1xx_HAL_Driver/Src/stm32f1xx_hal_adc.c.obj
 .ARM.attributes
                0x000003c2       0x2d CMakeFiles/Sentio.elf.dir/Drivers/STM32F1xx_HAL_Driver/Src/stm32f1xx_hal_adc_ex.c.obj
 .ARM.attributes
                0x000003ef       0x2d CMakeFiles/Sentio.elf.dir/Drivers/STM32F1xx_HAL_Driver/Src/stm32f1xx_hal_cortex.c.obj
 .ARM.attributes
                0x0000041c       0x2d CMakeFiles/Sentio.elf.dir/Drivers/STM32F1xx_HAL_Driver/Src/stm32f1xx_hal_dma.c.obj
 .ARM.attributes
                0x00000449       0x2d CMakeFiles/Sentio.elf.dir/Drivers/STM32F1xx_HAL_Driver/Src/stm32f1xx_hal_gpio.c.obj
 .ARM.attributes
                0x00000476       0x2d CMakeFiles/Sentio.elf.dir/Drivers/STM32F1xx_HAL_Driver/Src/stm32f1xx_hal_i2c.c.obj
 .ARM.attributes
                0x000004a3       0x2d CMakeFiles/Sentio.elf.dir/Drivers/STM32F1xx_HAL_Driver/Src/stm32f1xx_hal_rcc.c.obj
 .ARM.attributes
                0x000004d0       0x2d CMakeFiles/Sentio.elf.dir/Drivers/STM32F1xx_HAL_Driver/Src/stm32f1xx_hal_rcc_ex.c.obj
 .ARM.attributes
                0x000004fd       0x2d CMakeFiles/Sentio.elf.dir/Drivers/STM32F1xx_HAL_Driver/Src/stm32f1xx_hal_tim.c.obj
 .ARM.attributes
                0x0000052a       0x2d CMakeFiles/Sentio.elf.dir/Drivers/STM32F1xx_HAL_Driver/Src/stm32f1xx_hal_tim_ex.c.obj
 .ARM.attributes
                0x00000557       0x2d CMakeFiles/Sentio.elf.dir/Drivers/STM32F1xx_HAL_Driver/Src/stm32f1xx_hal_uart.c.obj
 .ARM.attributes
                0x00000584       0x1d C:/Environment/DevEnv/GNU-tools-for-STM32/bin/../lib/gcc/arm-none-eabi/13.3.1/thumb/v7-m/nofp\libgcc.a(_arm_addsubdf3.o)
 .ARM.attributes
                0x000005a1       0x1d C:/Environment/DevEnv/GNU-tools-for-STM32/bin/../lib/gcc/arm-none-eabi/13.3.1/thumb/v7-m/nofp\libgcc.a(_arm_truncdfsf2.o)
 .ARM.attributes
                0x000005be       0x1d C:/Environment/DevEnv/GNU-tools-for-STM32/bin/../lib/gcc/arm-none-eabi/13.3.1/thumb/v7-m/nofp\libgcc.a(_arm_addsubsf3.o)
 .ARM.attributes
                0x000005db       0x1d C:/Environment/DevEnv/GNU-tools-for-STM32/bin/../lib/gcc/arm-none-eabi/13.3.1/thumb/v7-m/nofp\libgcc.a(_arm_muldivsf3.o)
 .ARM.attributes
                0x000005f8       0x1d C:/Environment/DevEnv/GNU-tools-for-STM32/bin/../lib/gcc/arm-none-eabi/13.3.1/thumb/v7-m/nofp\libgcc.a(_arm_cmpsf2.o)
 .ARM.attributes
                0x00000615       0x1d C:/Environment/DevEnv/GNU-tools-for-STM32/bin/../lib/gcc/arm-none-eabi/13.3.1/thumb/v7-m/nofp\libgcc.a(_arm_fixunssfsi.o)
 .ARM.attributes
                0x00000632       0x2d C:/Environment/DevEnv/GNU-tools-for-STM32/bin/../lib/gcc/arm-none-eabi/13.3.1/../../../../arm-none-eabi/lib/thumb/v7-m/nofp\libg.a(libc_a-findfp.o)
 .ARM.attributes
                0x0000065f       0x2d C:/Environment/DevEnv/GNU-tools-for-STM32/bin/../lib/gcc/arm-none-eabi/13.3.1/../../../../arm-none-eabi/lib/thumb/v7-m/nofp\libg.a(libc_a-fwalk.o)
 .ARM.attributes
                0x0000068c       0x2d C:/Environment/DevEnv/GNU-tools-for-STM32/bin/../lib/gcc/arm-none-eabi/13.3.1/../../../../arm-none-eabi/lib/thumb/v7-m/nofp\libg.a(libc_a-snprintf.o)
 .ARM.attributes
                0x000006b9       0x2d C:/Environment/DevEnv/GNU-tools-for-STM32/bin/../lib/gcc/arm-none-eabi/13.3.1/../../../../arm-none-eabi/lib/thumb/v7-m/nofp\libg.a(libc_a-stdio.o)
 .ARM.attributes
                0x000006e6       0x2d C:/Environment/DevEnv/GNU-tools-for-STM32/bin/../lib/gcc/arm-none-eabi/13.3.1/../../../../arm-none-eabi/lib/thumb/v7-m/nofp\libg.a(libc_a-memset.o)
 .ARM.attributes
                0x00000713       0x2d C:/Environment/DevEnv/GNU-tools-for-STM32/bin/../lib/gcc/arm-none-eabi/13.3.1/../../../../arm-none-eabi/lib/thumb/v7-m/nofp\libg.a(libc_a-closer.o)
 .ARM.attributes
                0x00000740       0x2d C:/Environment/DevEnv/GNU-tools-for-STM32/bin/../lib/gcc/arm-none-eabi/13.3.1/../../../../arm-none-eabi/lib/thumb/v7-m/nofp\libg.a(libc_a-reent.o)
 .ARM.attributes
                0x0000076d       0x2d C:/Environment/DevEnv/GNU-tools-for-STM32/bin/../lib/gcc/arm-none-eabi/13.3.1/../../../../arm-none-eabi/lib/thumb/v7-m/nofp\libg.a(libc_a-impure.o)
 .ARM.attributes
                0x0000079a       0x2d C:/Environment/DevEnv/GNU-tools-for-STM32/bin/../lib/gcc/arm-none-eabi/13.3.1/../../../../arm-none-eabi/lib/thumb/v7-m/nofp\libg.a(libc_a-lseekr.o)
 .ARM.attributes
                0x000007c7       0x2d C:/Environment/DevEnv/GNU-tools-for-STM32/bin/../lib/gcc/arm-none-eabi/13.3.1/../../../../arm-none-eabi/lib/thumb/v7-m/nofp\libg.a(libc_a-readr.o)
 .ARM.attributes
                0x000007f4       0x2d C:/Environment/DevEnv/GNU-tools-for-STM32/bin/../lib/gcc/arm-none-eabi/13.3.1/../../../../arm-none-eabi/lib/thumb/v7-m/nofp\libg.a(libc_a-writer.o)
 .ARM.attributes
                0x00000821       0x2d C:/Environment/DevEnv/GNU-tools-for-STM32/bin/../lib/gcc/arm-none-eabi/13.3.1/../../../../arm-none-eabi/lib/thumb/v7-m/nofp\libg.a(libc_a-errno.o)
 .ARM.attributes
                0x0000084e       0x2d C:/Environment/DevEnv/GNU-tools-for-STM32/bin/../lib/gcc/arm-none-eabi/13.3.1/../../../../arm-none-eabi/lib/thumb/v7-m/nofp\libg.a(libc_a-init.o)
 .ARM.attributes
                0x0000087b       0x2d C:/Environment/DevEnv/GNU-tools-for-STM32/bin/../lib/gcc/arm-none-eabi/13.3.1/../../../../arm-none-eabi/lib/thumb/v7-m/nofp\libg.a(libc_a-lock.o)
 .ARM.attributes
                0x000008a8       0x2d C:/Environment/DevEnv/GNU-tools-for-STM32/bin/../lib/gcc/arm-none-eabi/13.3.1/../../../../arm-none-eabi/lib/thumb/v7-m/nofp\libg.a(libc_a-__call_atexit.o)
 .ARM.attributes
                0x000008d5       0x2d C:/Environment/DevEnv/GNU-tools-for-STM32/bin/../lib/gcc/arm-none-eabi/13.3.1/../../../../arm-none-eabi/lib/thumb/v7-m/nofp\libg.a(libc_a-atexit.o)
 .ARM.attributes
                0x00000902       0x2d C:/Environment/DevEnv/GNU-tools-for-STM32/bin/../lib/gcc/arm-none-eabi/13.3.1/../../../../arm-none-eabi/lib/thumb/v7-m/nofp\libg.a(libc_a-freer.o)
 .ARM.attributes
                0x0000092f       0x2d C:/Environment/DevEnv/GNU-tools-for-STM32/bin/../lib/gcc/arm-none-eabi/13.3.1/../../../../arm-none-eabi/lib/thumb/v7-m/nofp\libg.a(libc_a-mallocr.o)
 .ARM.attributes
                0x0000095c       0x2d C:/Environment/DevEnv/GNU-tools-for-STM32/bin/../lib/gcc/arm-none-eabi/13.3.1/../../../../arm-none-eabi/lib/thumb/v7-m/nofp\libg.a(libc_a-mlock.o)
 .ARM.attributes
                0x00000989       0x2d C:/Environment/DevEnv/GNU-tools-for-STM32/bin/../lib/gcc/arm-none-eabi/13.3.1/../../../../arm-none-eabi/lib/thumb/v7-m/nofp\libg.a(libc_a-svfprintf.o)
 .ARM.attributes
                0x000009b6       0x2d C:/Environment/DevEnv/GNU-tools-for-STM32/bin/../lib/gcc/arm-none-eabi/13.3.1/../../../../arm-none-eabi/lib/thumb/v7-m/nofp\libg.a(libc_a-ssprint_r.o)
 .ARM.attributes
                0x000009e3       0x2d C:/Environment/DevEnv/GNU-tools-for-STM32/bin/../lib/gcc/arm-none-eabi/13.3.1/../../../../arm-none-eabi/lib/thumb/v7-m/nofp\libg.a(libc_a-fclose.o)
 .ARM.attributes
                0x00000a10       0x2d C:/Environment/DevEnv/GNU-tools-for-STM32/bin/../lib/gcc/arm-none-eabi/13.3.1/../../../../arm-none-eabi/lib/thumb/v7-m/nofp\libg.a(libc_a-fflush.o)
 .ARM.attributes
                0x00000a3d       0x2d C:/Environment/DevEnv/GNU-tools-for-STM32/bin/../lib/gcc/arm-none-eabi/13.3.1/../../../../arm-none-eabi/lib/thumb/v7-m/nofp\libg.a(libc_a-strncpy.o)
 .ARM.attributes
                0x00000a6a       0x2d C:/Environment/DevEnv/GNU-tools-for-STM32/bin/../lib/gcc/arm-none-eabi/13.3.1/../../../../arm-none-eabi/lib/thumb/v7-m/nofp\libg.a(libc_a-localeconv.o)
 .ARM.attributes
                0x00000a97       0x2d C:/Environment/DevEnv/GNU-tools-for-STM32/bin/../lib/gcc/arm-none-eabi/13.3.1/../../../../arm-none-eabi/lib/thumb/v7-m/nofp\libg.a(libc_a-sbrkr.o)
 .ARM.attributes
                0x00000ac4       0x2d C:/Environment/DevEnv/GNU-tools-for-STM32/bin/../lib/gcc/arm-none-eabi/13.3.1/../../../../arm-none-eabi/lib/thumb/v7-m/nofp\libg.a(libc_a-fini.o)
 .ARM.attributes
                0x00000af1       0x2d C:/Environment/DevEnv/GNU-tools-for-STM32/bin/../lib/gcc/arm-none-eabi/13.3.1/../../../../arm-none-eabi/lib/thumb/v7-m/nofp\libg.a(libc_a-sysconf.o)
 .ARM.attributes
                0x00000b1e       0x2d C:/Environment/DevEnv/GNU-tools-for-STM32/bin/../lib/gcc/arm-none-eabi/13.3.1/../../../../arm-none-eabi/lib/thumb/v7-m/nofp\libg.a(libc_a-memchr-stub.o)
 .ARM.attributes
                0x00000b4b       0x17 C:/Environment/DevEnv/GNU-tools-for-STM32/bin/../lib/gcc/arm-none-eabi/13.3.1/../../../../arm-none-eabi/lib/thumb/v7-m/nofp\libg.a(libc_a-strlen.o)
 .ARM.attributes
                0x00000b62       0x2d C:/Environment/DevEnv/GNU-tools-for-STM32/bin/../lib/gcc/arm-none-eabi/13.3.1/../../../../arm-none-eabi/lib/thumb/v7-m/nofp\libg.a(libm_a-s_frexp.o)
 .ARM.attributes
                0x00000b8f       0x2d C:/Environment/DevEnv/GNU-tools-for-STM32/bin/../lib/gcc/arm-none-eabi/13.3.1/../../../../arm-none-eabi/lib/thumb/v7-m/nofp\libg.a(libc_a-__atexit.o)
 .ARM.attributes
                0x00000bbc       0x2d C:/Environment/DevEnv/GNU-tools-for-STM32/bin/../lib/gcc/arm-none-eabi/13.3.1/../../../../arm-none-eabi/lib/thumb/v7-m/nofp\libg.a(libc_a-dtoa.o)
 .ARM.attributes
                0x00000be9       0x2d C:/Environment/DevEnv/GNU-tools-for-STM32/bin/../lib/gcc/arm-none-eabi/13.3.1/../../../../arm-none-eabi/lib/thumb/v7-m/nofp\libg.a(libc_a-mprec.o)
 .ARM.attributes
                0x00000c16       0x2d C:/Environment/DevEnv/GNU-tools-for-STM32/bin/../lib/gcc/arm-none-eabi/13.3.1/../../../../arm-none-eabi/lib/thumb/v7-m/nofp\libg.a(libc_a-ssputs_r.o)
 .ARM.attributes
                0x00000c43       0x2d C:/Environment/DevEnv/GNU-tools-for-STM32/bin/../lib/gcc/arm-none-eabi/13.3.1/../../../../arm-none-eabi/lib/thumb/v7-m/nofp\libg.a(libc_a-memmove.o)
 .ARM.attributes
                0x00000c70       0x2d C:/Environment/DevEnv/GNU-tools-for-STM32/bin/../lib/gcc/arm-none-eabi/13.3.1/../../../../arm-none-eabi/lib/thumb/v7-m/nofp\libg.a(libc_a-locale.o)
 .ARM.attributes
                0x00000c9d       0x2d C:/Environment/DevEnv/GNU-tools-for-STM32/bin/../lib/gcc/arm-none-eabi/13.3.1/../../../../arm-none-eabi/lib/thumb/v7-m/nofp\libg.a(libc_a-memcpy-stub.o)
 .ARM.attributes
                0x00000cca       0x2d C:/Environment/DevEnv/GNU-tools-for-STM32/bin/../lib/gcc/arm-none-eabi/13.3.1/../../../../arm-none-eabi/lib/thumb/v7-m/nofp\libg.a(libc_a-assert.o)
 .ARM.attributes
                0x00000cf7       0x2d C:/Environment/DevEnv/GNU-tools-for-STM32/bin/../lib/gcc/arm-none-eabi/13.3.1/../../../../arm-none-eabi/lib/thumb/v7-m/nofp\libg.a(libc_a-callocr.o)
 .ARM.attributes
                0x00000d24       0x2d C:/Environment/DevEnv/GNU-tools-for-STM32/bin/../lib/gcc/arm-none-eabi/13.3.1/../../../../arm-none-eabi/lib/thumb/v7-m/nofp\libg.a(libc_a-mbtowc_r.o)
 .ARM.attributes
                0x00000d51       0x2d C:/Environment/DevEnv/GNU-tools-for-STM32/bin/../lib/gcc/arm-none-eabi/13.3.1/../../../../arm-none-eabi/lib/thumb/v7-m/nofp\libg.a(libc_a-reallocr.o)
 .ARM.attributes
                0x00000d7e       0x2d C:/Environment/DevEnv/GNU-tools-for-STM32/bin/../lib/gcc/arm-none-eabi/13.3.1/../../../../arm-none-eabi/lib/thumb/v7-m/nofp\libg.a(libc_a-wctomb_r.o)
 .ARM.attributes